Archive member included to satisfy reference by file (symbol)

../../../../../../Library/Bluetooth_LE/library\libbluenrg1_stack.a(bluenrg_gap_aci.o)
                              User\sensor.o (aci_gap_init)
../../../../../../Library/Bluetooth_LE/library\libbluenrg1_stack.a(bluenrg_gatt_aci.o)
                              User\gatt_db.o (aci_gatt_add_char)
../../../../../../Library/Bluetooth_LE/library\libbluenrg1_stack.a(bluenrg_hal_aci.o)
                              User\sensor.o (aci_hal_set_tx_power_level)
../../../../../../Library/Bluetooth_LE/library\libbluenrg1_stack.a(bluenrg_main_func.o)
                              User\main.o (BTLE_StackTick)
../../../../../../Library/Bluetooth_LE/library\libbluenrg1_stack.a(gap.o)
                              ../../../../../../Library/Bluetooth_LE/library\libbluenrg1_stack.a(bluenrg_gap_aci.o) (GAP_Create_Connection)
../../../../../../Library/Bluetooth_LE/library\libbluenrg1_stack.a(gatt_client.o)
                              ../../../../../../Library/Bluetooth_LE/library\libbluenrg1_stack.a(bluenrg_gatt_aci.o) (Gatt_Confirm_Indication)
../../../../../../Library/Bluetooth_LE/library\libbluenrg1_stack.a(gatt_server.o)
                              ../../../../../../Library/Bluetooth_LE/library\libbluenrg1_stack.a(gatt_client.o) (GATT_Send_Packet)
../../../../../../Library/Bluetooth_LE/library\libbluenrg1_stack.a(hal.o)
                              ../../../../../../Library/Bluetooth_LE/library\libbluenrg1_stack.a(bluenrg_hal_aci.o) (HAL_Read_ConfigData)
../../../../../../Library/Bluetooth_LE/library\libbluenrg1_stack.a(hci.o)
                              ../../../../../../Library/Bluetooth_LE/library\libbluenrg1_stack.a(bluenrg_main_func.o) (Controller_Process_Q)
../../../../../../Library/Bluetooth_LE/library\libbluenrg1_stack.a(host_timer.o)
                              User\main.o (HAL_VTimerDiff_ms_sysT32)
../../../../../../Library/Bluetooth_LE/library\libbluenrg1_stack.a(l2cap.o)
                              ../../../../../../Library/Bluetooth_LE/library\libbluenrg1_stack.a(bluenrg_main_func.o) (L2C_Init)
../../../../../../Library/Bluetooth_LE/library\libbluenrg1_stack.a(ll_isr.o)
                              User\BlueNRG1_it.o (RAL_Isr)
../../../../../../Library/Bluetooth_LE/library\libbluenrg1_stack.a(ll_privacy.o)
                              ../../../../../../Library/Bluetooth_LE/library\libbluenrg1_stack.a(hci.o) (LL_LE_Add_Device_To_White_List)
../../../../../../Library/Bluetooth_LE/library\libbluenrg1_stack.a(ll_routines.o)
                              ../../../../../../Library/Bluetooth_LE/library\libbluenrg1_stack.a(hci.o) (Disconnection_Offline_Processing)
../../../../../../Library/Bluetooth_LE/library\libbluenrg1_stack.a(ll_routines_master.o)
                              ../../../../../../Library/Bluetooth_LE/library\libbluenrg1_stack.a(gap.o) (LL_Create_Connection)
../../../../../../Library/Bluetooth_LE/library\libbluenrg1_stack.a(ll_routines_support.o)
                              ../../../../../../Library/Bluetooth_LE/library\libbluenrg1_stack.a(ll_privacy.o) (LL_Encrypt_Plain_Data)
../../../../../../Library/Bluetooth_LE/library\libbluenrg1_stack.a(mem_alloc.o)
                              ../../../../../../Library/Bluetooth_LE/library\libbluenrg1_stack.a(bluenrg_main_func.o) (_BlueNRG_Stack_Init_params)
../../../../../../Library/Bluetooth_LE/library\libbluenrg1_stack.a(mem_buff.o)
                              ../../../../../../Library/Bluetooth_LE/library\libbluenrg1_stack.a(l2cap.o) (Mem_Buff_Append)
../../../../../../Library/Bluetooth_LE/library\libbluenrg1_stack.a(multi_master_time.o)
                              ../../../../../../Library/Bluetooth_LE/library\libbluenrg1_stack.a(hci.o) (LL_Get_Anchor_Interval)
../../../../../../Library/Bluetooth_LE/library\libbluenrg1_stack.a(nvm.o)
                              ../../../../../../Library/Bluetooth_LE/library\libbluenrg1_stack.a(ll_isr.o) (Is_Flash_Write_On_Going)
../../../../../../Library/Bluetooth_LE/library\libbluenrg1_stack.a(pka.o)
                              ../../../../../../Library/Bluetooth_LE/library\libbluenrg1_stack.a(hci.o) (BLEPLAT_PKA_Get_Current_Operation)
../../../../../../Library/Bluetooth_LE/library\libbluenrg1_stack.a(pm.o)
                              ../../../../../../Library/Bluetooth_LE/library\libbluenrg1_stack.a(l2cap.o) (PM_Compact)
../../../../../../Library/Bluetooth_LE/library\libbluenrg1_stack.a(rom_att.o)
                              ../../../../../../Library/Bluetooth_LE/library\libbluenrg1_stack.a(gatt_client.o) (ATT_fill_exchg_mtu_req)
../../../../../../Library/Bluetooth_LE/library\libbluenrg1_stack.a(rom_gap.o)
                              ../../../../../../Library/Bluetooth_LE/library\libbluenrg1_stack.a(gap.o) (GAP_Add_To_WhiteList)
../../../../../../Library/Bluetooth_LE/library\libbluenrg1_stack.a(rom_gap_rom.o)
[...]
Memory Configuration

Name             Origin             Length             Attributes
REGION_RAM       0x20000000         0x00006000         xrw
REGION_FLASH_BOOTLOADER 0x10040000         0x00000000         xr
REGION_FLASH     0x10040000         0x0003f000         xr
REGION_NVM       0x1007f000         0x00001000         xr
REGION_ROM       0x10000000         0x00000800         xr
*default*        0x00000000         0xffffffff

Linker script and memory map

LOAD HAL\clock.o
LOAD HAL\context_switch.o
LOAD HAL\miscutil.o
LOAD HAL\osal.o
LOAD HAL\sleep.o
LOAD Library\BlueNRG1_adc.o
LOAD Library\BlueNRG1_dma.o
LOAD Library\BlueNRG1_flash.o
LOAD Library\BlueNRG1_gpio.o
LOAD Library\BlueNRG1_i2c.o
LOAD Library\BlueNRG1_mft.o
LOAD Library\BlueNRG1_pka.o
LOAD Library\BlueNRG1_rtc.o
LOAD Library\BlueNRG1_spi.o
LOAD Library\BlueNRG1_sysCtrl.o
LOAD Library\BlueNRG1_uart.o
LOAD Library\BlueNRG1_wdg.o
LOAD Library\misc.o
LOAD Platform_Layers\LPS25HB.o
LOAD Platform_Layers\LSM6DS3.o
LOAD Platform_Layers\SDK_EVAL_Button.o
LOAD Platform_Layers\SDK_EVAL_Com.o
LOAD Platform_Layers\SDK_EVAL_Config.o
LOAD Platform_Layers\SDK_EVAL_I2C.o
LOAD Platform_Layers\SDK_EVAL_Led.o
LOAD Platform_Layers\SDK_EVAL_SPI.o
LOAD SEGGER_RTT.o
LOAD SEGGER_RTT_ASM_ARMv7M.o
LOAD SEGGER_RTT_printf.o
LOAD Stack\stack_user_cfg.o
LOAD Startup\system_bluenrg1.o
LOAD User\BlueNRG1_it.o
LOAD User\gatt_db.o
LOAD User\main.o
LOAD User\sensor.o
LOAD sys_time.o
LOAD ../../../../../../Library/Bluetooth_LE/library\libbluenrg1_stack.a
LOAD ../../../../../../Library/cryptolib\libcrypto.a
                0x00000080                malloc_getpagesize_P = 0x80
START GROUP
LOAD c:/program files (x86)/atollic/truestudio for stm32 9.3.0/armtools/bin/../lib/gcc/arm-atollic-eabi/6.3.1/../../../../arm-atollic-eabi/lib/armv6-m\libc_nano.a
LOAD c:/program files (x86)/atollic/truestudio for stm32 9.3.0/armtools/bin/../lib/gcc/arm-atollic-eabi/6.3.1/../../../../arm-atollic-eabi/lib/armv6-m\libm.a
END GROUP
                0x20000000                _MEMORY_RAM_BEGIN_ = 0x20000000
                0x00006000                _MEMORY_RAM_SIZE_ = 0x6000
                0x20005fff                _MEMORY_RAM_END_ = 0x20005fff
                0x10040000                _MEMORY_FLASH_BEGIN_ = 0x10040000
                0x00040000                _MEMORY_FLASH_SIZE_ = 0x40000
                0x1007ffff                _MEMORY_FLASH_END_ = 0x1007ffff
                0x10000000                _MEMORY_ROM_BEGIN_ = 0x10000000
                0x00000800                _MEMORY_ROM_SIZE_ = 0x800
                0x100007ff                _MEMORY_ROM_END_ = 0x100007ff
                0x00001000                FLASH_NVM_DATASIZE = 0x1000
                0x00000000                MEMORY_FLASH_APP_OFFSET = DEFINED (MEMORY_FLASH_APP_OFFSET)?MEMORY_FLASH_APP_OFFSET:0x0
                0x0003f000                MEMORY_FLASH_APP_SIZE = DEFINED (MEMORY_FLASH_APP_SIZE)?MEMORY_FLASH_APP_SIZE:((_MEMORY_FLASH_SIZE_ - FLASH_NVM_DATASIZE) - MEMORY_FLASH_APP_OFFSET)
                0x000002cc                MEMORY_RAM_APP_OFFSET = DEFINED (MEMORY_RAM_APP_OFFSET)?MEMORY_RAM_APP_OFFSET:0x2cc
                0x00000800                RESET_MANAGER_SIZE = DEFINED (RESET_MANAGER_SIZE)?RESET_MANAGER_SIZE:0x800
                [0x0003f000]                MEMORY_FLASH_APP_SIZE = DEFINED (ST_OTA_HIGHER_APPLICATION)?(((((_MEMORY_FLASH_SIZE_ - RESET_MANAGER_SIZE) - FLASH_NVM_DATASIZE) / 0x2) / 0x800) * 0x800):MEMORY_FLASH_APP_SIZE
                [0x00000000]                MEMORY_FLASH_APP_OFFSET = DEFINED (ST_OTA_HIGHER_APPLICATION)?(RESET_MANAGER_SIZE + MEMORY_FLASH_APP_SIZE):MEMORY_FLASH_APP_OFFSET
                [0x0003f000]                MEMORY_FLASH_APP_SIZE = DEFINED (ST_OTA_LOWER_APPLICATION)?(((((_MEMORY_FLASH_SIZE_ - RESET_MANAGER_SIZE) - FLASH_NVM_DATASIZE) / 0x2) / 0x800) * 0x800):MEMORY_FLASH_APP_SIZE
                [0x00000000]                MEMORY_FLASH_APP_OFFSET = DEFINED (ST_OTA_LOWER_APPLICATION)?RESET_MANAGER_SIZE:MEMORY_FLASH_APP_OFFSET
                0x00011800                SERVICE_MANAGER_SIZE = 0x11800
                [0x0003f000]                MEMORY_FLASH_APP_SIZE = DEFINED (ST_USE_OTA_SERVICE_MANAGER_APPLICATION)?((_MEMORY_FLASH_SIZE_ - SERVICE_MANAGER_SIZE) - FLASH_NVM_DATASIZE):MEMORY_FLASH_APP_SIZE
                [0x00000000]                MEMORY_FLASH_APP_OFFSET = DEFINED (ST_USE_OTA_SERVICE_MANAGER_APPLICATION)?SERVICE_MANAGER_SIZE:MEMORY_FLASH_APP_OFFSET
                0x00000000                EXTERNAL_BLE_STACK_FLASH_OFFSET = DEFINED (EXTERNAL_BLE_STACK_FLASH_OFFSET)?EXTERNAL_BLE_STACK_FLASH_OFFSET:0x0
                0x100400c0                cmd_call_table = ((_MEMORY_FLASH_BEGIN_ + 0xc0) + EXTERNAL_BLE_STACK_FLASH_OFFSET)
                0x200002cc                ev_call_table = 0x200002cc
                0x00000000                _Min_Heap_Size = 0x0
                0x00000c00                _Min_Stack_Size = 0xc00

.bootloader     0x10040000        0x0
                0x10040000                . = ALIGN (0x4)
 *(.bootloader)
                0x10040000                . = ALIGN (0x4)

.intvec         0x10040000       0xc0
                0x10040000                . = ALIGN (0x4)
 *(.intvec)
 .intvec        0x10040000       0xc0 Startup\system_bluenrg1.o
                0x10040000                __vector_table
                0x100400c0                . = ALIGN (0x4)

.text           0x100400c0    0x18fdc
                0x100400c0                . = ALIGN (0x4)
 *(.cmd_call_table)
 *(.text)
 .text          0x100400c0       0x9c HAL\context_switch.o
                0x100400c0                CS_contextSave
                0x10040112                CS_contextRestore
 .text          0x1004015c       0x14 c:/program files (x86)/atollic/truestudio for stm32 9.3.0/armtools/bin/../lib/gcc/arm-atollic-eabi/6.3.1/armv6-m\libgcc.a(_thumb1_case_uqi.o)
                0x1004015c                __gnu_thumb1_case_uqi
 .text          0x10040170      0x114 c:/program files (x86)/atollic/truestudio for stm32 9.3.0/armtools/bin/../lib/gcc/arm-atollic-eabi/6.3.1/armv6-m\libgcc.a(_udivsi3.o)
                0x10040170                __aeabi_uidiv
                0x10040170                __udivsi3
                0x1004027c                __aeabi_uidivmod
 .text          0x10040284      0x1d4 c:/program files (x86)/atollic/truestudio for stm32 9.3.0/armtools/bin/../lib/gcc/arm-atollic-eabi/6.3.1/armv6-m\libgcc.a(_divsi3.o)
                0x10040284                __divsi3
                0x10040284                __aeabi_idiv
                0x10040450                __aeabi_idivmod
 .text          0x10040458        0x4 c:/program files (x86)/atollic/truestudio for stm32 9.3.0/armtools/bin/../lib/gcc/arm-atollic-eabi/6.3.1/armv6-m\libgcc.a(_dvmd_tls.o)
                0x10040458                __aeabi_idiv0
                0x10040458                __aeabi_ldiv0
 .text          0x1004045c       0x7c c:/program files (x86)/atollic/truestudio for stm32 9.3.0/armtools/bin/../lib/gcc/arm-atollic-eabi/6.3.1/armv6-m\libgcc.a(_arm_cmpdf2.o)
                0x1004045c                __aeabi_cdrcmple
                0x1004046c                __aeabi_cdcmple
                0x1004046c                __aeabi_cdcmpeq
                0x1004047c                __aeabi_dcmpeq
                0x10040488                __aeabi_dcmplt
                0x1004049c                __aeabi_dcmple
                0x100404b0                __aeabi_dcmpgt
                0x100404c4                __aeabi_dcmpge
 .text          0x100404d8       0x74 c:/program files (x86)/atollic/truestudio for stm32 9.3.0/armtools/bin/../lib/gcc/arm-atollic-eabi/6.3.1/armv6-m\libgcc.a(_arm_cmpsf2.o)
                0x100404d8                __aeabi_cfrcmple
                0x100404e0                __aeabi_cfcmpeq
                0x100404e0                __aeabi_cfcmple
                0x100404f0                __aeabi_fcmpeq
                0x100404fc                __aeabi_fcmplt
                0x10040510                __aeabi_fcmple
                0x10040524                __aeabi_fcmpgt
                0x10040538                __aeabi_fcmpge
 .text          0x1004054c       0x30 c:/program files (x86)/atollic/truestudio for stm32 9.3.0/armtools/bin/../lib/gcc/arm-atollic-eabi/6.3.1/armv6-m\libgcc.a(_fixunssfsi.o)
                0x1004054c                __fixunssfsi
                0x1004054c                __aeabi_f2uiz
 .text          0x1004057c       0x3c c:/program files (x86)/atollic/truestudio for stm32 9.3.0/armtools/bin/../lib/gcc/arm-atollic-eabi/6.3.1/armv6-m\libgcc.a(_fixunsdfsi.o)
                0x1004057c                __aeabi_d2uiz
                0x1004057c                __fixunsdfsi
 .text          0x100405b8       0x74 c:/program files (x86)/atollic/truestudio for stm32 9.3.0/armtools/bin/../lib/gcc/arm-atollic-eabi/6.3.1/armv6-m\libgcc.a(unaligned-funcs.o)
                0x100405b8                __aeabi_uread4
                0x100405d0                __aeabi_uwrite4
                0x100405e0                __aeabi_uread8
                0x1004060c                __aeabi_uwrite8
 .text          0x1004062c      0x324 c:/program files (x86)/atollic/truestudio for stm32 9.3.0/armtools/bin/../lib/gcc/arm-atollic-eabi/6.3.1/armv6-m\libgcc.a(addsf3.o)
                0x1004062c                __aeabi_fadd
 .text          0x10040950      0x290 c:/program files (x86)/atollic/truestudio for stm32 9.3.0/armtools/bin/../lib/gcc/arm-atollic-eabi/6.3.1/armv6-m\libgcc.a(divsf3.o)
                0x10040950                __aeabi_fdiv
 .text          0x10040be0       0x4c c:/program files (x86)/atollic/truestudio for stm32 9.3.0/armtools/bin/../lib/gcc/arm-atollic-eabi/6.3.1/armv6-m\libgcc.a(eqsf2.o)
                0x10040be0                __eqsf2
                0x10040be0                __nesf2
 .text          0x10040c2c       0x80 c:/program files (x86)/atollic/truestudio for stm32 9.3.0/armtools/bin/../lib/gcc/arm-atollic-eabi/6.3.1/armv6-m\libgcc.a(gesf2.o)
                0x10040c2c                __gesf2
                0x10040c2c                __gtsf2
 .text          0x10040cac       0x84 c:/program files (x86)/atollic/truestudio for stm32 9.3.0/armtools/bin/../lib/gcc/arm-atollic-eabi/6.3.1/armv6-m\libgcc.a(lesf2.o)
                0x10040cac                __ltsf2
                0x10040cac                __lesf2
 .text          0x10040d30      0x240 c:/program files (x86)/atollic/truestudio for stm32 9.3.0/armtools/bin/../lib/gcc/arm-atollic-eabi/6.3.1/armv6-m\libgcc.a(mulsf3.o)
                0x10040d30                __aeabi_fmul
 .text          0x10040f70      0x338 c:/program files (x86)/atollic/truestudio for stm32 9.3.0/armtools/bin/../lib/gcc/arm-atollic-eabi/6.3.1/armv6-m\libgcc.a(subsf3.o)
                0x10040f70                __aeabi_fsub
 .text          0x100412a8       0x40 c:/program files (x86)/atollic/truestudio for stm32 9.3.0/armtools/bin/../lib/gcc/arm-atollic-eabi/6.3.1/armv6-m\libgcc.a(fixsfsi.o)
                0x100412a8                __aeabi_f2iz
 .text          0x100412e8       0xa0 c:/program files (x86)/atollic/truestudio for stm32 9.3.0/armtools/bin/../lib/gcc/arm-atollic-eabi/6.3.1/armv6-m\libgcc.a(floatsisf.o)
                0x100412e8                __aeabi_i2f
 .text          0x10041388       0x8c c:/program files (x86)/atollic/truestudio for stm32 9.3.0/armtools/bin/../lib/gcc/arm-atollic-eabi/6.3.1/armv6-m\libgcc.a(floatunsisf.o)
                0x10041388                __aeabi_ui2f
 .text          0x10041414      0x620 c:/program files (x86)/atollic/truestudio for stm32 9.3.0/armtools/bin/../lib/gcc/arm-atollic-eabi/6.3.1/armv6-m\libgcc.a(adddf3.o)
                0x10041414                __aeabi_dadd
 .text          0x10041a34      0x668 c:/program files (x86)/atollic/truestudio for stm32 9.3.0/armtools/bin/../lib/gcc/arm-atollic-eabi/6.3.1/armv6-m\libgcc.a(divdf3.o)
                0x10041a34                __aeabi_ddiv
 .text          0x1004209c       0x74 c:/program files (x86)/atollic/truestudio for stm32 9.3.0/armtools/bin/../lib/gcc/arm-atollic-eabi/6.3.1/armv6-m\libgcc.a(eqdf2.o)
                0x1004209c                __nedf2
                0x1004209c                __eqdf2
 .text          0x10042110       0xc8 c:/program files (x86)/atollic/truestudio for stm32 9.3.0/armtools/bin/../lib/gcc/arm-atollic-eabi/6.3.1/armv6-m\libgcc.a(gedf2.o)
                0x10042110                __gedf2
                0x10042110                __gtdf2
 .text          0x100421d8       0xc4 c:/program files (x86)/atollic/truestudio for stm32 9.3.0/armtools/bin/../lib/gcc/arm-atollic-eabi/6.3.1/armv6-m\libgcc.a(ledf2.o)
                0x100421d8                __ledf2
                0x100421d8                __ltdf2
 .text          0x1004229c      0x500 c:/program files (x86)/atollic/truestudio for stm32 9.3.0/armtools/bin/../lib/gcc/arm-atollic-eabi/6.3.1/armv6-m\libgcc.a(muldf3.o)
                0x1004229c                __aeabi_dmul
 .text          0x1004279c      0x62c c:/program files (x86)/atollic/truestudio for stm32 9.3.0/armtools/bin/../lib/gcc/arm-atollic-eabi/6.3.1/armv6-m\libgcc.a(subdf3.o)
                0x1004279c                __aeabi_dsub
 .text          0x10042dc8       0x40 c:/program files (x86)/atollic/truestudio for stm32 9.3.0/armtools/bin/../lib/gcc/arm-atollic-eabi/6.3.1/armv6-m\libgcc.a(unorddf2.o)
                0x10042dc8                __aeabi_dcmpun
 .text          0x10042e08       0x68 c:/program files (x86)/atollic/truestudio for stm32 9.3.0/armtools/bin/../lib/gcc/arm-atollic-eabi/6.3.1/armv6-m\libgcc.a(fixdfsi.o)
                0x10042e08                __aeabi_d2iz
 .text          0x10042e70       0x84 c:/program files (x86)/atollic/truestudio for stm32 9.3.0/armtools/bin/../lib/gcc/arm-atollic-eabi/6.3.1/armv6-m\libgcc.a(floatsidf.o)
                0x10042e70                __aeabi_i2d
 .text          0x10042ef4       0xa4 c:/program files (x86)/atollic/truestudio for stm32 9.3.0/armtools/bin/../lib/gcc/arm-atollic-eabi/6.3.1/armv6-m\libgcc.a(extendsfdf2.o)
                0x10042ef4                __aeabi_f2d
 .text          0x10042f98      0x114 c:/program files (x86)/atollic/truestudio for stm32 9.3.0/armtools/bin/../lib/gcc/arm-atollic-eabi/6.3.1/armv6-m\libgcc.a(truncdfsf2.o)
                0x10042f98                __aeabi_d2f
 .text          0x100430ac       0x3c c:/program files (x86)/atollic/truestudio for stm32 9.3.0/armtools/bin/../lib/gcc/arm-atollic-eabi/6.3.1/armv6-m\libgcc.a(_clzsi2.o)
                0x100430ac                __clzsi2
 *(.text*)
 .text.SysCount_Handler
                0x100430e8       0x10 HAL\clock.o
                0x100430e8                SysCount_Handler
 .text.Clock_Init
                0x100430f8       0x2c HAL\clock.o
                0x100430f8                Clock_Init
 .text.Clock_Wait
                0x10043124       0x14 HAL\clock.o
                0x10043124                Clock_Wait
 .text.HAL_GetPartInfo
                0x10043138       0x64 HAL\miscutil.o
                0x10043138                HAL_GetPartInfo
 .text.BLEPLAT_get_part_info
                0x1004319c       0x22 HAL\miscutil.o
                0x1004319c                BLEPLAT_get_part_info
 .text.Osal_MemCpy
                0x100431be        0x8 HAL\osal.o
                0x100431be                Osal_MemCpy
 .text.Osal_MemSet
                0x100431c6        0x8 HAL\osal.o
                0x100431c6                Osal_MemSet
 .text.Osal_MemCmp
                0x100431ce        0x8 HAL\osal.o
                0x100431ce                Osal_MemCmp
 .text.HAL_VTIMER_TimerSleepCheck
                0x100431d6        0x4 HAL\sleep.o
                0x100431d6                HAL_VTIMER_TimerSleepCheck
 *fill*         0x100431da        0x2 
 .text.BlueNRG_Sleep
                0x100431dc      0x990 HAL\sleep.o
                0x100431dc                BlueNRG_Sleep
 .text.ADC_ConvertDifferentialVoltage
                0x10043b6c       0x7c Library\BlueNRG1_adc.o
                0x10043b6c                ADC_ConvertDifferentialVoltage
 .text.ADC_ConvertSingleEndedVoltage
                0x10043be8       0xc0 Library\BlueNRG1_adc.o
                0x10043be8                ADC_ConvertSingleEndedVoltage
 .text.ADC_ConvertBatterySensor
                0x10043ca8       0x18 Library\BlueNRG1_adc.o
                0x10043ca8                ADC_ConvertBatterySensor
 .text.ADC_ConvertTemperatureSensor
                0x10043cc0       0x24 Library\BlueNRG1_adc.o
                0x10043cc0                ADC_ConvertTemperatureSensor
 .text.ADC_Init
                0x10043ce4       0x90 Library\BlueNRG1_adc.o
                0x10043ce4                ADC_Init
 .text.ADC_Cmd  0x10043d74       0x2e Library\BlueNRG1_adc.o
                0x10043d74                ADC_Cmd
 .text.ADC_SelectInput
                0x10043da2       0x18 Library\BlueNRG1_adc.o
                0x10043da2                ADC_SelectInput
 .text.ADC_Calibration
                0x10043dba       0x20 Library\BlueNRG1_adc.o
                0x10043dba                ADC_Calibration
 .text.ADC_AutoOffsetUpdate
                0x10043dda       0x18 Library\BlueNRG1_adc.o
                0x10043dda                ADC_AutoOffsetUpdate
 .text.ADC_GetFlagStatus
                0x10043df2       0x10 Library\BlueNRG1_adc.o
                0x10043df2                ADC_GetFlagStatus
 .text.ADC_GetRawData
                0x10043e02       0x14 Library\BlueNRG1_adc.o
                0x10043e02                ADC_GetRawData
 .text.ADC_GetConvertedData
                0x10043e16       0x5a Library\BlueNRG1_adc.o
                0x10043e16                ADC_GetConvertedData
 .text.FLASH_ReadWord
                0x10043e70        0x4 Library\BlueNRG1_flash.o
                0x10043e70                FLASH_ReadWord
 .text.FLASH_ReadByte
                0x10043e74        0x6 Library\BlueNRG1_flash.o
                0x10043e74                FLASH_ReadByte
 *fill*         0x10043e7a        0x2 
 .text.FLASH_WaitCmdDone
                0x10043e7c       0x10 Library\BlueNRG1_flash.o
                0x10043e7c                FLASH_WaitCmdDone
 .text.FLASH_ErasePage
                0x10043e8c       0x30 Library\BlueNRG1_flash.o
                0x10043e8c                FLASH_ErasePage
 .text.FLASH_ProgramWord
                0x10043ebc       0x30 Library\BlueNRG1_flash.o
                0x10043ebc                FLASH_ProgramWord
 .text.GPIO_Init
                0x10043eec       0xde Library\BlueNRG1_gpio.o
                0x10043eec                GPIO_Init
 .text.GPIO_StructInit
                0x10043fca        0xc Library\BlueNRG1_gpio.o
                0x10043fca                GPIO_StructInit
 .text.GPIO_ReadBit
                0x10043fd6       0x10 Library\BlueNRG1_gpio.o
                0x10043fd6                GPIO_ReadBit
 .text.GPIO_SetBits
                0x10043fe6        0x8 Library\BlueNRG1_gpio.o
                0x10043fe6                GPIO_SetBits
 .text.GPIO_ResetBits
                0x10043fee        0x8 Library\BlueNRG1_gpio.o
                0x10043fee                GPIO_ResetBits
 .text.GPIO_WriteBit
                0x10043ff6       0x10 Library\BlueNRG1_gpio.o
                0x10043ff6                GPIO_WriteBit
 .text.GPIO_ToggleBits
                0x10044006        0xc Library\BlueNRG1_gpio.o
                0x10044006                GPIO_ToggleBits
 .text.GPIO_ClearITPendingBit
                0x10044012        0x8 Library\BlueNRG1_gpio.o
                0x10044012                GPIO_ClearITPendingBit
 .text.GPIO_GetITPendingBit
                0x1004401a       0x10 Library\BlueNRG1_gpio.o
                0x1004401a                GPIO_GetITPendingBit
 .text.PKA_Reset
                0x1004402a       0x14 Library\BlueNRG1_pka.o
                0x1004402a                PKA_Reset
 *fill*         0x1004403e        0x2 
 .text.SPI_SetBaudrate
                0x10044040       0x4c Library\BlueNRG1_spi.o
                0x10044040                SPI_SetBaudrate
 .text.SPI_Init
                0x1004408c       0x54 Library\BlueNRG1_spi.o
                0x1004408c                SPI_Init
 .text.SPI_StructInit
                0x100440e0       0x18 Library\BlueNRG1_spi.o
                0x100440e0                SPI_StructInit
 .text.SPI_Cmd  0x100440f8       0x1c Library\BlueNRG1_spi.o
                0x100440f8                SPI_Cmd
 .text.SPI_SendData
                0x10044114        0xc Library\BlueNRG1_spi.o
                0x10044114                SPI_SendData
 .text.SPI_ReceiveData
                0x10044120        0xc Library\BlueNRG1_spi.o
                0x10044120                SPI_ReceiveData
 .text.SPI_DataSizeConfig
                0x1004412c       0x1c Library\BlueNRG1_spi.o
                0x1004412c                SPI_DataSizeConfig
 .text.SPI_GetFlagStatus
                0x10044148       0x14 Library\BlueNRG1_spi.o
                0x10044148                SPI_GetFlagStatus
 .text.SPI_ClearRXFIFO
                0x1004415c       0x18 Library\BlueNRG1_spi.o
                0x1004415c                SPI_ClearRXFIFO
 .text.SPI_ClearTXFIFO
                0x10044174       0x30 Library\BlueNRG1_spi.o
                0x10044174                SPI_ClearTXFIFO
 .text.SPI_SetMasterCommunicationMode
                0x100441a4       0x1c Library\BlueNRG1_spi.o
                0x100441a4                SPI_SetMasterCommunicationMode
 .text.SPI_SetDummyCharacter
                0x100441c0        0xc Library\BlueNRG1_spi.o
                0x100441c0                SPI_SetDummyCharacter
 .text.SysCtrl_PeripheralClockCmd
                0x100441cc       0x18 Library\BlueNRG1_sysCtrl.o
                0x100441cc                SysCtrl_PeripheralClockCmd
 .text.SysCtrl_GetWakeupResetReason
                0x100441e4       0xac Library\BlueNRG1_sysCtrl.o
                0x100441e4                SysCtrl_GetWakeupResetReason
 .text.UART_Cmd
                0x10044290       0x1c Library\BlueNRG1_uart.o
                0x10044290                UART_Cmd
 .text.UART_Init
                0x100442ac      0x150 Library\BlueNRG1_uart.o
                0x100442ac                UART_Init
 .text.UART_ReceiveData
                0x100443fc        0xc Library\BlueNRG1_uart.o
                0x100443fc                UART_ReceiveData
 .text.UART_GetFlagStatus
                0x10044408       0x1c Library\BlueNRG1_uart.o
                0x10044408                UART_GetFlagStatus
 .text.UART_GetITStatus
                0x10044424       0x14 Library\BlueNRG1_uart.o
                0x10044424                UART_GetITStatus
 .text.UART_RxFifoIrqLevelConfig
                0x10044438       0x1c Library\BlueNRG1_uart.o
                0x10044438                UART_RxFifoIrqLevelConfig
 .text.SystemSleepCmd
                0x10044454       0x1c Library\misc.o
                0x10044454                SystemSleepCmd
 .text.Get_ButtonGpioPin
                0x10044470       0x2c Platform_Layers\SDK_EVAL_Button.o
                0x10044470                Get_ButtonGpioPin
 .text.SdkEvalComUartInit
                0x1004449c       0x94 Platform_Layers\SDK_EVAL_Com.o
                0x1004449c                SdkEvalComUartInit
 .text.SdkEvalComIOReceiveData
                0x10044530       0x14 Platform_Layers\SDK_EVAL_Com.o
                0x10044530                SdkEvalComIOReceiveData
 .text.SdkEvalComIOUartIrqHandler
                0x10044544       0x2c Platform_Layers\SDK_EVAL_Com.o
                0x10044544                SdkEvalComIOUartIrqHandler
 .text.__aeabi_memcpy
                0x10044570        0x8 Platform_Layers\SDK_EVAL_Com.o
                0x10044570                __aeabi_memcpy
 .text.__aeabi_memcpy4
                0x10044578        0x8 Platform_Layers\SDK_EVAL_Com.o
                0x10044578                __aeabi_memcpy4
 .text.__aeabi_memclr4
                0x10044580        0xc Platform_Layers\SDK_EVAL_Com.o
                0x10044580                __aeabi_memclr4
 .text.SdkEvalIdentification
                0x1004458c        0xc Platform_Layers\SDK_EVAL_Config.o
                0x1004458c                SdkEvalIdentification
 .text.SdkEvalGetVersion
                0x10044598        0xc Platform_Layers\SDK_EVAL_Config.o
                0x10044598                SdkEvalGetVersion
 .text.Get_LedGpioPin
                0x100445a4       0x44 Platform_Layers\SDK_EVAL_Led.o
                0x100445a4                Get_LedGpioPin
 .text._GetAvailWriteSpace
                0x100445e8       0x12 SEGGER_RTT.o
 .text._WriteNoCheck
                0x100445fa       0x38 SEGGER_RTT.o
 .text._WriteBlocking
                0x10044632       0x5a SEGGER_RTT.o
 .text._DoInit  0x1004468c       0x64 SEGGER_RTT.o
 .text.SEGGER_RTT_WriteNoLock
                0x100446f0       0x6c SEGGER_RTT.o
                0x100446f0                SEGGER_RTT_WriteNoLock
 .text.SEGGER_RTT_Write
                0x1004475c       0x34 SEGGER_RTT.o
                0x1004475c                SEGGER_RTT_Write
 .text.SEGGER_RTT_ConfigUpBuffer
                0x10044790       0x60 SEGGER_RTT.o
                0x10044790                SEGGER_RTT_ConfigUpBuffer
 .text.SEGGER_RTT_Init
                0x100447f0        0x8 SEGGER_RTT.o
                0x100447f0                SEGGER_RTT_Init
 .text._StoreChar
                0x100447f8       0x3e SEGGER_RTT_printf.o
 *fill*         0x10044836        0x2 
 .text._PrintUnsigned
                0x10044838       0xe0 SEGGER_RTT_printf.o
 .text.SEGGER_RTT_vprintf
                0x10044918      0x25a SEGGER_RTT_printf.o
                0x10044918                SEGGER_RTT_vprintf
 .text.SEGGER_RTT_printf
                0x10044b72       0x18 SEGGER_RTT_printf.o
                0x10044b72                SEGGER_RTT_printf
 .text.PKA_Handler
                0x10044b8a        0x2 Startup\system_bluenrg1.o
                0x10044b8a                PKA_Handler
 .text.DMA_Handler
                0x10044b8c        0x2 Startup\system_bluenrg1.o
                0x10044b8c                DMA_Handler
 .text.PendSV_Handler
                0x10044b8e        0x2 Startup\system_bluenrg1.o
                0x10044b8e                PendSV_Handler
 .text.NVM_Handler
                0x10044b90        0x2 Startup\system_bluenrg1.o
                0x10044b90                NVM_Handler
 .text.SPI_Handler
                0x10044b92        0x2 Startup\system_bluenrg1.o
                0x10044b92                SPI_Handler
 .text.MFT1A_Handler
                0x10044b94        0x2 Startup\system_bluenrg1.o
                0x10044b94                MFT1A_Handler
 .text.MFT1B_Handler
                0x10044b96        0x2 Startup\system_bluenrg1.o
                0x10044b96                MFT1B_Handler
 .text.MFT2A_Handler
                0x10044b98        0x2 Startup\system_bluenrg1.o
                0x10044b98                MFT2A_Handler
 .text.MFT2B_Handler
                0x10044b9a        0x2 Startup\system_bluenrg1.o
                0x10044b9a                MFT2B_Handler
 .text.RTC_Handler
                0x10044b9c        0x2 Startup\system_bluenrg1.o
                0x10044b9c                RTC_Handler
 .text.WDG_Handler
                0x10044b9e        0x2 Startup\system_bluenrg1.o
                0x10044b9e                WDG_Handler
 .text.ADC_Handler
                0x10044ba0        0x2 Startup\system_bluenrg1.o
                0x10044ba0                ADC_Handler
 .text.I2C2_Handler
                0x10044ba2        0x2 Startup\system_bluenrg1.o
                0x10044ba2                I2C2_Handler
 .text.I2C1_Handler
                0x10044ba4        0x2 Startup\system_bluenrg1.o
                0x10044ba4                I2C1_Handler
 *fill*         0x10044ba6        0x2 
 .text.Set_RF_FrontEnd
                0x10044ba8       0x4c Startup\system_bluenrg1.o
                0x10044ba8                Set_RF_FrontEnd
 .text.BOR_ConfigSave
                0x10044bf4       0x48 Startup\system_bluenrg1.o
                0x10044bf4                BOR_ConfigSave
 .text.SET_BORconfigStatus
                0x10044c3c       0x48 Startup\system_bluenrg1.o
                0x10044c3c                SET_BORconfigStatus
 .text.__low_level_init
                0x10044c84       0xbc Startup\system_bluenrg1.o
                0x10044c84                __low_level_init
 .text.RESET_HANDLER
                0x10044d40       0x8c Startup\system_bluenrg1.o
                0x10044d40                RESET_HANDLER
 .text.DeviceConfiguration
                0x10044dcc      0x144 Startup\system_bluenrg1.o
                0x10044dcc                DeviceConfiguration
 .text.SystemInit
                0x10044f10      0x120 Startup\system_bluenrg1.o
                0x10044f10                SystemInit
 .text.NMI_Handler
                0x10045030        0x2 User\BlueNRG1_it.o
                0x10045030                NMI_Handler
 .text.HardFault_Handler
                0x10045032        0x2 User\BlueNRG1_it.o
                0x10045032                HardFault_Handler
 .text.SVC_Handler
                0x10045034        0x2 User\BlueNRG1_it.o
                0x10045034                SVC_Handler
 .text.SysTick_Handler
                0x10045036        0x8 User\BlueNRG1_it.o
                0x10045036                SysTick_Handler
 .text.GPIO_Handler
                0x1004503e       0x28 User\BlueNRG1_it.o
                0x1004503e                GPIO_Handler
 .text.UART_Handler
                0x10045066        0x8 User\BlueNRG1_it.o
                0x10045066                UART_Handler
 .text.Blue_Handler
                0x1004506e        0x8 User\BlueNRG1_it.o
                0x1004506e                Blue_Handler
 *fill*         0x10045076        0x2 
 .text.Add_Sensor_Service
                0x10045078      0x6b8 User\gatt_db.o
                0x10045078                Add_Sensor_Service
 .text.Read_Batt
                0x10045730       0x40 User\gatt_db.o
                0x10045730                Read_Batt
 .text.Read_Pressure
                0x10045770       0x60 User\gatt_db.o
                0x10045770                Read_Pressure
 .text.Notify_Pressure
                0x100457d0       0x3c User\gatt_db.o
                0x100457d0                Notify_Pressure
 .text.Notify_Download_Val
                0x1004580c       0x34 User\gatt_db.o
                0x1004580c                Notify_Download_Val
 .text.Read_Control_SmallValves
                0x10045840       0x38 User\gatt_db.o
                0x10045840                Read_Control_SmallValves
 .text.Read_Control_BigValve
                0x10045878       0x4c User\gatt_db.o
                0x10045878                Read_Control_BigValve
 .text.Read_Control_Pump
                0x100458c4       0x4c User\gatt_db.o
                0x100458c4                Read_Control_Pump
 .text.Read_Device_Time
                0x10045910       0x68 User\gatt_db.o
                0x10045910                Read_Device_Time
 .text.External_Memory_Clear
                0x10045978       0x40 User\gatt_db.o
                0x10045978                External_Memory_Clear
 .text.Read_Request_CB
                0x100459b8      0x104 User\gatt_db.o
                0x100459b8                Read_Request_CB
 .text.Write_Request_CB
                0x10045abc      0x464 User\gatt_db.o
                0x10045abc                Write_Request_CB
 .text.App_SleepMode_Check
                0x10045f20       0x20 User\main.o
                0x10045f20                App_SleepMode_Check
 .text.Batt_ADC_Configuration
                0x10045f40       0x34 User\main.o
                0x10045f40                Batt_ADC_Configuration
 .text.ADC_Value
                0x10045f74       0x88 User\main.o
                0x10045f74                ADC_Value
 .text.GPIO_On  0x10045ffc        0xa User\main.o
                0x10045ffc                GPIO_On
 .text.GPIO_Off
                0x10046006        0xa User\main.o
                0x10046006                GPIO_Off
 .text.InitGPIO
                0x10046010       0x28 User\main.o
                0x10046010                InitGPIO
 .text.SPI_Master_Configuration
                0x10046038       0xdc User\main.o
                0x10046038                SPI_Master_Configuration
 .text.SPI_Read_ADC_Value
                0x10046114       0x42 User\main.o
                0x10046114                SPI_Read_ADC_Value
 .text.SPI_SendByte
                0x10046156       0x2e User\main.o
                0x10046156                SPI_SendByte
 .text.SPI_Read_Memory
                0x10046184       0x50 User\main.o
                0x10046184                SPI_Read_Memory
 .text.SPI_WriteEnable_Memory
                0x100461d4       0x16 User\main.o
                0x100461d4                SPI_WriteEnable_Memory
 .text.SPI_ReadRegister_Memory
                0x100461ea       0x38 User\main.o
                0x100461ea                SPI_ReadRegister_Memory
 *fill*         0x10046222        0x2 
 .text.SPI_Write_Memory
                0x10046224       0x54 User\main.o
                0x10046224                SPI_Write_Memory
 .text.SPI_BulkErase_Memory
                0x10046278       0x28 User\main.o
                0x10046278                SPI_BulkErase_Memory
 .text.SPI_DeepPowerDown_Memory
                0x100462a0       0x16 User\main.o
                0x100462a0                SPI_DeepPowerDown_Memory
 .text.SPI_DeepPowerRelease_Memory
                0x100462b6       0x1c User\main.o
                0x100462b6                SPI_DeepPowerRelease_Memory
 .text.SPI_Write_ADC_Register
                0x100462d2       0x2a User\main.o
                0x100462d2                SPI_Write_ADC_Register
 .text.SPI_Read_ADC_Register
                0x100462fc       0x5a User\main.o
                0x100462fc                SPI_Read_ADC_Register
 .text.LEDs_Set_Blue
                0x10046356       0x1a User\main.o
                0x10046356                LEDs_Set_Blue
 .text.LEDs_Set_Red
                0x10046370       0x16 User\main.o
                0x10046370                LEDs_Set_Red
 .text.LEDs_Flash
                0x10046386       0x6e User\main.o
                0x10046386                LEDs_Flash
 .text.ADC_Reset
                0x100463f4       0x30 User\main.o
                0x100463f4                ADC_Reset
 .text.Read_ADC
                0x10046424       0xbc User\main.o
                0x10046424                Read_ADC
 .text.Open_Valve_Small
                0x100464e0       0x8c User\main.o
                0x100464e0                Open_Valve_Small
 .text.Close_Valve_Small
                0x1004656c       0x8c User\main.o
                0x1004656c                Close_Valve_Small
 .text.Adjust_Valve_State
                0x100465f8       0x94 User\main.o
                0x100465f8                Adjust_Valve_State
 .text.Open_Valve_Large
                0x1004668c        0xc User\main.o
                0x1004668c                Open_Valve_Large
 .text.Close_Valve_Large
                0x10046698        0xc User\main.o
                0x10046698                Close_Valve_Large
 .text.Open_Valve_Small_Final
                0x100466a4        0xa User\main.o
                0x100466a4                Open_Valve_Small_Final
 .text.Close_Valve_Small_Final
                0x100466ae        0xa User\main.o
                0x100466ae                Close_Valve_Small_Final
 .text.Close_Valve
                0x100466b8       0x54 User\main.o
                0x100466b8                Close_Valve
 .text.Pump_On  0x1004670c        0xc User\main.o
                0x1004670c                Pump_On
 .text.Pump_Off
                0x10046718        0xc User\main.o
                0x10046718                Pump_Off
 .text.Pressurize_Air_Bag
                0x10046724      0x1a4 User\main.o
                0x10046724                Pressurize_Air_Bag
 .text.Depressurize_Air_Bag
                0x100468c8       0xf8 User\main.o
                0x100468c8                Depressurize_Air_Bag
 .text.Redistribute_Pressure
                0x100469c0      0x164 User\main.o
                0x100469c0                Redistribute_Pressure
 .text.Release_AirBags
                0x10046b24       0x74 User\main.o
                0x10046b24                Release_AirBags
 .text.WriteHeader_Memory
                0x10046b98      0x220 User\main.o
                0x10046b98                WriteHeader_Memory
 .text.WritePressures_Memory
                0x10046db8       0x94 User\main.o
                0x10046db8                WritePressures_Memory
 .text.External_Find_Last_Entry
                0x10046e4c       0x28 User\main.o
                0x10046e4c                External_Find_Last_Entry
 .text.ReadDeviceNum_IntFlash
                0x10046e74       0x4c User\main.o
                0x10046e74                ReadDeviceNum_IntFlash
 .text.WriteDeviceNum_IntFlash
                0x10046ec0       0x80 User\main.o
                0x10046ec0                WriteDeviceNum_IntFlash
 .text.ReadLP_IntFlash
                0x10046f40       0x2c User\main.o
                0x10046f40                ReadLP_IntFlash
 .text.ReadUP_IntFlash
                0x10046f6c       0x2c User\main.o
                0x10046f6c                ReadUP_IntFlash
 .text.ReadTP_IntFlash
                0x10046f98       0x2c User\main.o
                0x10046f98                ReadTP_IntFlash
 .text.ReadSP_IntFlash
                0x10046fc4       0x2c User\main.o
                0x10046fc4                ReadSP_IntFlash
 .text.ReadNS_IntFlash
                0x10046ff0       0x2c User\main.o
                0x10046ff0                ReadNS_IntFlash
 .text.ReadMode_IntFlash
                0x1004701c       0x2c User\main.o
                0x1004701c                ReadMode_IntFlash
 .text.WriteLP_IntFlash
                0x10047048       0x38 User\main.o
                0x10047048                WriteLP_IntFlash
 .text.WriteUP_IntFlash
                0x10047080       0x38 User\main.o
                0x10047080                WriteUP_IntFlash
 .text.WriteTP_IntFlash
                0x100470b8       0x38 User\main.o
                0x100470b8                WriteTP_IntFlash
 .text.WriteSP_IntFlash
                0x100470f0       0x28 User\main.o
                0x100470f0                WriteSP_IntFlash
 .text.WriteNS_IntFlash
                0x10047118       0x28 User\main.o
                0x10047118                WriteNS_IntFlash
 .text.WriteMode_IntFlash
                0x10047140       0x28 User\main.o
                0x10047140                WriteMode_IntFlash
 .text.ReadMultipliers_IntFlash
                0x10047168       0xec User\main.o
                0x10047168                ReadMultipliers_IntFlash
 .text.WriteMultipliers_IntFlash
                0x10047254      0x258 User\main.o
                0x10047254                WriteMultipliers_IntFlash
 .text.Initialize_AirBags
                0x100474ac      0x1e8 User\main.o
                0x100474ac                Initialize_AirBags
 .text.DeInitialize
                0x10047694       0x48 User\main.o
                0x10047694                DeInitialize
 .text.init     0x100476dc      0x228 User\main.o
                0x100476dc                init
 .text.startup.main
                0x10047904       0x34 User\main.o
                0x10047904                main
 .text.ReInitialize
                0x10047938       0x48 User\main.o
                0x10047938                ReInitialize
 .text.Sensor_DeviceInit
                0x10047980       0xc0 User\sensor.o
                0x10047980                Sensor_DeviceInit
 .text.Set_DeviceConnectable
                0x10047a40       0x7c User\sensor.o
                0x10047a40                Set_DeviceConnectable
 .text.APP_Tick
                0x10047abc       0xe0 User\sensor.o
                0x10047abc                APP_Tick
 .text.hci_le_connection_complete_event
                0x10047b9c       0x38 User\sensor.o
                0x10047b9c                hci_le_connection_complete_event
 .text.hci_disconnection_complete_event
                0x10047bd4       0x70 User\sensor.o
                0x10047bd4                hci_disconnection_complete_event
 .text.aci_gatt_read_permit_req_event
                0x10047c44        0xa User\sensor.o
                0x10047c44                aci_gatt_read_permit_req_event
 *fill*         0x10047c4e        0x2 
 .text.HAL_VTimerTimeoutCallback
                0x10047c50      0x528 User\sensor.o
                0x10047c50                HAL_VTimerTimeoutCallback
 .text.aci_gatt_attribute_modified_event
                0x10048178        0xe User\sensor.o
                0x10048178                aci_gatt_attribute_modified_event
 .text.aci_hal_end_of_radio_activity_event
                0x10048186        0x2 User\sensor.o
                0x10048186                aci_hal_end_of_radio_activity_event
 .text.aci_att_exchange_mtu_resp_event
                0x10048188       0x14 User\sensor.o
                0x10048188                aci_att_exchange_mtu_resp_event
 .text.__aeabi_memmove
                0x1004819c        0x8 c:/program files (x86)/atollic/truestudio for stm32 9.3.0/armtools/bin/../lib/gcc/arm-atollic-eabi/6.3.1/../../../../arm-atollic-eabi/lib/armv6-m\libc_nano.a(lib_a-aeabi_memmove.o)
                0x1004819c                __aeabi_memmove
                0x1004819c                __aeabi_memmove4
                0x1004819c                __aeabi_memmove8
 .text.memcmp   0x100481a4       0x1e c:/program files (x86)/atollic/truestudio for stm32 9.3.0/armtools/bin/../lib/gcc/arm-atollic-eabi/6.3.1/../../../../arm-atollic-eabi/lib/armv6-m\libc_nano.a(lib_a-memcmp.o)
                0x100481a4                memcmp
 .text.memcpy   0x100481c2       0x12 c:/program files (x86)/atollic/truestudio for stm32 9.3.0/armtools/bin/../lib/gcc/arm-atollic-eabi/6.3.1/../../../../arm-atollic-eabi/lib/armv6-m\libc_nano.a(lib_a-memcpy-stub.o)
                0x100481c2                memcpy
 .text.memmove  0x100481d4       0x24 c:/program files (x86)/atollic/truestudio for stm32 9.3.0/armtools/bin/../lib/gcc/arm-atollic-eabi/6.3.1/../../../../arm-atollic-eabi/lib/armv6-m\libc_nano.a(lib_a-memmove.o)
                0x100481d4                memmove
 .text.memset   0x100481f8       0x10 c:/program files (x86)/atollic/truestudio for stm32 9.3.0/armtools/bin/../lib/gcc/arm-atollic-eabi/6.3.1/../../../../arm-atollic-eabi/lib/armv6-m\libc_nano.a(lib_a-memset.o)
                0x100481f8                memset
 .text.strcpy   0x10048208       0x10 c:/program files (x86)/atollic/truestudio for stm32 9.3.0/armtools/bin/../lib/gcc/arm-atollic-eabi/6.3.1/../../../../arm-atollic-eabi/lib/armv6-m\libc_nano.a(lib_a-strcpy.o)
                0x10048208                strcpy
 .text.log      0x10048218      0x100 c:/program files (x86)/atollic/truestudio for stm32 9.3.0/armtools/bin/../lib/gcc/arm-atollic-eabi/6.3.1/../../../../arm-atollic-eabi/lib/armv6-m\libm.a(lib_a-w_log.o)
                0x10048218                log
 .text.pow      0x10048318      0x348 c:/program files (x86)/atollic/truestudio for stm32 9.3.0/armtools/bin/../lib/gcc/arm-atollic-eabi/6.3.1/../../../../arm-atollic-eabi/lib/armv6-m\libm.a(lib_a-w_pow.o)
                0x10048318                pow
 .text.__ieee754_log
                0x10048660      0x3c0 c:/program files (x86)/atollic/truestudio for stm32 9.3.0/armtools/bin/../lib/gcc/arm-atollic-eabi/6.3.1/../../../../arm-atollic-eabi/lib/armv6-m\libm.a(lib_a-e_log.o)
                0x10048660                __ieee754_log
 .text.__ieee754_pow
                0x10048a20      0x9bc c:/program files (x86)/atollic/truestudio for stm32 9.3.0/armtools/bin/../lib/gcc/arm-atollic-eabi/6.3.1/../../../../arm-atollic-eabi/lib/armv6-m\libm.a(lib_a-e_pow.o)
                0x10048a20                __ieee754_pow
 .text.__ieee754_sqrt
                0x100493dc      0x160 c:/program files (x86)/atollic/truestudio for stm32 9.3.0/armtools/bin/../lib/gcc/arm-atollic-eabi/6.3.1/../../../../arm-atollic-eabi/lib/armv6-m\libm.a(lib_a-e_sqrt.o)
                0x100493dc                __ieee754_sqrt
 .text.fabs     0x1004953c        0x8 c:/program files (x86)/atollic/truestudio for stm32 9.3.0/armtools/bin/../lib/gcc/arm-atollic-eabi/6.3.1/../../../../arm-atollic-eabi/lib/armv6-m\libm.a(lib_a-s_fabs.o)
                0x1004953c                fabs
 .text.finite   0x10049544       0x10 c:/program files (x86)/atollic/truestudio for stm32 9.3.0/armtools/bin/../lib/gcc/arm-atollic-eabi/6.3.1/../../../../arm-atollic-eabi/lib/armv6-m\libm.a(lib_a-s_finite.o)
                0x10049544                finite
 .text.matherr  0x10049554        0x4 c:/program files (x86)/atollic/truestudio for stm32 9.3.0/armtools/bin/../lib/gcc/arm-atollic-eabi/6.3.1/../../../../arm-atollic-eabi/lib/armv6-m\libm.a(lib_a-s_matherr.o)
                0x10049554                matherr
 .text.nan      0x10049558        0xc c:/program files (x86)/atollic/truestudio for stm32 9.3.0/armtools/bin/../lib/gcc/arm-atollic-eabi/6.3.1/../../../../arm-atollic-eabi/lib/armv6-m\libm.a(lib_a-s_nan.o)
                0x10049558                nan
 .text.rint     0x10049564      0x110 c:/program files (x86)/atollic/truestudio for stm32 9.3.0/armtools/bin/../lib/gcc/arm-atollic-eabi/6.3.1/../../../../arm-atollic-eabi/lib/armv6-m\libm.a(lib_a-s_rint.o)
                0x10049564                rint
 .text.scalbn   0x10049674       0xc8 c:/program files (x86)/atollic/truestudio for stm32 9.3.0/armtools/bin/../lib/gcc/arm-atollic-eabi/6.3.1/../../../../arm-atollic-eabi/lib/armv6-m\libm.a(lib_a-s_scalbn.o)
                0x10049674                scalbn
 .text.copysign
                0x1004973c       0x10 c:/program files (x86)/atollic/truestudio for stm32 9.3.0/armtools/bin/../lib/gcc/arm-atollic-eabi/6.3.1/../../../../arm-atollic-eabi/lib/armv6-m\libm.a(lib_a-s_copysign.o)
                0x1004973c                copysign
 .text.__errno  0x1004974c        0xc c:/program files (x86)/atollic/truestudio for stm32 9.3.0/armtools/bin/../lib/gcc/arm-atollic-eabi/6.3.1/../../../../arm-atollic-eabi/lib/armv6-m\libc_nano.a(lib_a-errno.o)
                0x1004974c                __errno
 *(i.*)
 i._aci_gap_set_discoverable_param_check
                0x10049758       0x5c ../../../../../../Library/Bluetooth_LE/library\libbluenrg1_stack.a(bluenrg_gap_aci.o)
 i.aci_gap_init
                0x100497b4       0x30 ../../../../../../Library/Bluetooth_LE/library\libbluenrg1_stack.a(bluenrg_gap_aci.o)
                0x100497b4                aci_gap_init
 i.aci_gap_set_authentication_requirement
                0x100497e4       0x94 ../../../../../../Library/Bluetooth_LE/library\libbluenrg1_stack.a(bluenrg_gap_aci.o)
                0x100497e4                aci_gap_set_authentication_requirement
 i.aci_gap_set_discoverable
                0x10049878       0x42 ../../../../../../Library/Bluetooth_LE/library\libbluenrg1_stack.a(bluenrg_gap_aci.o)
                0x10049878                aci_gap_set_discoverable
 i.aci_gap_set_non_discoverable
                0x100498ba       0x14 ../../../../../../Library/Bluetooth_LE/library\libbluenrg1_stack.a(bluenrg_gap_aci.o)
                0x100498ba                aci_gap_set_non_discoverable
 i.aci_gap_terminate
                0x100498ce        0x8 ../../../../../../Library/Bluetooth_LE/library\libbluenrg1_stack.a(bluenrg_gap_aci.o)
                0x100498ce                aci_gap_terminate
 i._load_uuid   0x100498d6       0x26 ../../../../../../Library/Bluetooth_LE/library\libbluenrg1_stack.a(bluenrg_gatt_aci.o)
 i.aci_gatt_add_char
                0x100498fc       0x3e ../../../../../../Library/Bluetooth_LE/library\libbluenrg1_stack.a(bluenrg_gatt_aci.o)
                0x100498fc                aci_gatt_add_char
 i.aci_gatt_add_service
                0x1004993a       0x36 ../../../../../../Library/Bluetooth_LE/library\libbluenrg1_stack.a(bluenrg_gatt_aci.o)
                0x1004993a                aci_gatt_add_service
 i.aci_gatt_allow_read
                0x10049970        0xc ../../../../../../Library/Bluetooth_LE/library\libbluenrg1_stack.a(bluenrg_gatt_aci.o)
                0x10049970                aci_gatt_allow_read
 i.aci_gatt_init
                0x1004997c        0x8 ../../../../../../Library/Bluetooth_LE/library\libbluenrg1_stack.a(bluenrg_gatt_aci.o)
                0x1004997c                aci_gatt_init
 i.aci_gatt_update_char_value_ext
                0x10049984       0x22 ../../../../../../Library/Bluetooth_LE/library\libbluenrg1_stack.a(bluenrg_gatt_aci.o)
                0x10049984                aci_gatt_update_char_value_ext
 i.aci_hal_set_tx_power_level
                0x100499a6        0x8 ../../../../../../Library/Bluetooth_LE/library\libbluenrg1_stack.a(bluenrg_hal_aci.o)
                0x100499a6                aci_hal_set_tx_power_level
 i.aci_hal_write_config_data
                0x100499ae        0x8 ../../../../../../Library/Bluetooth_LE/library\libbluenrg1_stack.a(bluenrg_hal_aci.o)
                0x100499ae                aci_hal_write_config_data
 *fill*         0x100499b6        0x2 
 i.BTLE_StackTick
                0x100499b8       0x84 ../../../../../../Library/Bluetooth_LE/library\libbluenrg1_stack.a(bluenrg_main_func.o)
                0x100499b8                BTLE_StackTick
 i.BlueNRG_Stack_Initialization
                0x10049a3c       0x44 ../../../../../../Library/Bluetooth_LE/library\libbluenrg1_stack.a(bluenrg_main_func.o)
                0x10049a3c                BlueNRG_Stack_Initialization
 i.BlueNRG_Stack_Initialize_ConfigData
                0x10049a80       0x64 ../../../../../../Library/Bluetooth_LE/library\libbluenrg1_stack.a(bluenrg_main_func.o)
 i.BlueNRG_Stack_Initialize_Layers
                0x10049ae4       0x84 ../../../../../../Library/Bluetooth_LE/library\libbluenrg1_stack.a(bluenrg_main_func.o)
 i.BlueNRG_Stack_Initialize_RAM_check
                0x10049b68       0x7c ../../../../../../Library/Bluetooth_LE/library\libbluenrg1_stack.a(bluenrg_main_func.o)
 i.BlueNRG_Stack_Perform_Crystal_Check
                0x10049be4       0xc4 ../../../../../../Library/Bluetooth_LE/library\libbluenrg1_stack.a(bluenrg_main_func.o)
 i.BlueNRG_Start_Crystal_Measurement
                0x10049ca8       0x1c ../../../../../../Library/Bluetooth_LE/library\libbluenrg1_stack.a(bluenrg_main_func.o)
 i._BlueNRG_Stack_Initialization
                0x10049cc4       0xe8 ../../../../../../Library/Bluetooth_LE/library\libbluenrg1_stack.a(bluenrg_main_func.o)
                0x10049cc4                _BlueNRG_Stack_Initialization
 i.GAP_Connection_Complete_Handler
                0x10049dac       0x68 ../../../../../../Library/Bluetooth_LE/library\libbluenrg1_stack.a(gap.o)
                0x10049dac                GAP_Connection_Complete_Handler
 i.GAP_DiscProcTimeoutcb_ucfg
                0x10049e14        0x2 ../../../../../../Library/Bluetooth_LE/library\libbluenrg1_stack.a(gap.o)
                0x10049e14                GAP_DiscProcTimeoutcb_ucfg
 *fill*         0x10049e16        0x2 
 i.GAP_Init     0x10049e18      0x1fc ../../../../../../Library/Bluetooth_LE/library\libbluenrg1_stack.a(gap.o)
                0x10049e18                GAP_Init
 i.GAP_Init_Context
                0x1004a014       0x14 ../../../../../../Library/Bluetooth_LE/library\libbluenrg1_stack.a(gap.o)
                0x1004a014                GAP_Init_Context
 i.GAP_LL_Event_Handler_ISR
                0x1004a028       0x68 ../../../../../../Library/Bluetooth_LE/library\libbluenrg1_stack.a(gap.o)
                0x1004a028                GAP_LL_Event_Handler_ISR
 i.GAP_LimDiscTimeoutcb
                0x1004a090       0x2c ../../../../../../Library/Bluetooth_LE/library\libbluenrg1_stack.a(gap.o)
                0x1004a090                GAP_LimDiscTimeoutcb
 i.GAP_Process_Q
                0x1004a0bc       0x40 ../../../../../../Library/Bluetooth_LE/library\libbluenrg1_stack.a(gap.o)
                0x1004a0bc                GAP_Process_Q
 i.GAP_Set_Discoverable_Mode
                0x1004a0fc       0x38 ../../../../../../Library/Bluetooth_LE/library\libbluenrg1_stack.a(gap.o)
                0x1004a0fc                GAP_Set_Discoverable_Mode
 i.GAP_Set_Non_Discoverable_Mode
                0x1004a134       0x2c ../../../../../../Library/Bluetooth_LE/library\libbluenrg1_stack.a(gap.o)
                0x1004a134                GAP_Set_Non_Discoverable_Mode
 i.GAP_check_and_set_role_ucfg
                0x1004a160       0x1c ../../../../../../Library/Bluetooth_LE/library\libbluenrg1_stack.a(gap.o)
                0x1004a160                GAP_check_and_set_role_ucfg
 i.GAP_discover_peer_name_ucfg
                0x1004a17c        0x2 ../../../../../../Library/Bluetooth_LE/library\libbluenrg1_stack.a(gap.o)
                0x1004a17c                GAP_discover_peer_name_ucfg
 i.GAP_enable_controller_privacy_ucfg
                0x1004a17e        0x4 ../../../../../../Library/Bluetooth_LE/library\libbluenrg1_stack.a(gap.o)
                0x1004a17e                GAP_enable_controller_privacy_ucfg
 *fill*         0x1004a182        0x2 
 i._GAP_Parse_Advertising_Report
                0x1004a184       0x64 ../../../../../../Library/Bluetooth_LE/library\libbluenrg1_stack.a(gap.o)
 i._gap_set_discoverable_connectable
                0x1004a1e8      0x174 ../../../../../../Library/Bluetooth_LE/library\libbluenrg1_stack.a(gap.o)
                0x1004a1e8                _gap_set_discoverable_connectable
 i.aci_gap_limited_discoverable_event_push
                0x1004a35c       0x50 ../../../../../../Library/Bluetooth_LE/library\libbluenrg1_stack.a(gap.o)
 i.aci_gap_proc_complete_event_push
                0x1004a3ac       0x74 ../../../../../../Library/Bluetooth_LE/library\libbluenrg1_stack.a(gap.o)
 i.advParamsCheckAndSet
                0x1004a420       0x88 ../../../../../../Library/Bluetooth_LE/library\libbluenrg1_stack.a(gap.o)
                0x1004a420                advParamsCheckAndSet
 i.gapClearAllModeFlags
                0x1004a4a8       0x14 ../../../../../../Library/Bluetooth_LE/library\libbluenrg1_stack.a(gap.o)
                0x1004a4a8                gapClearAllModeFlags
 i.setGapAdvData
                0x1004a4bc      0x104 ../../../../../../Library/Bluetooth_LE/library\libbluenrg1_stack.a(gap.o)
                0x1004a4bc                setGapAdvData
 i.Find_Gatt_Client
                0x1004a5c0       0x3c ../../../../../../Library/Bluetooth_LE/library\libbluenrg1_stack.a(gatt_client.o)
                0x1004a5c0                Find_Gatt_Client
 i.Build_Notif_Or_Ind
                0x1004a5fc       0x3e ../../../../../../Library/Bluetooth_LE/library\libbluenrg1_stack.a(gatt_server.o)
                0x1004a5fc                Build_Notif_Or_Ind
 *fill*         0x1004a63a        0x2 
 i.Check_For_Service_Change
                0x1004a63c      0x34c ../../../../../../Library/Bluetooth_LE/library\libbluenrg1_stack.a(gatt_server.o)
                0x1004a63c                Check_For_Service_Change
 i.Find_Attr_Index
                0x1004a988       0x50 ../../../../../../Library/Bluetooth_LE/library\libbluenrg1_stack.a(gatt_server.o)
                0x1004a988                Find_Attr_Index
 i.Find_Timed_Out_Connection
                0x1004a9d8       0x20 ../../../../../../Library/Bluetooth_LE/library\libbluenrg1_stack.a(gatt_server.o)
                0x1004a9d8                Find_Timed_Out_Connection
 i.GATT_Connection_Complete_Handler
                0x1004a9f8       0x44 ../../../../../../Library/Bluetooth_LE/library\libbluenrg1_stack.a(gatt_server.o)
                0x1004a9f8                GATT_Connection_Complete_Handler
 i.GATT_Send_Packet
                0x1004aa3c       0x2c ../../../../../../Library/Bluetooth_LE/library\libbluenrg1_stack.a(gatt_server.o)
                0x1004aa3c                GATT_Send_Packet
 i.GATT_Server_Set_Flag
                0x1004aa68       0x18 ../../../../../../Library/Bluetooth_LE/library\libbluenrg1_stack.a(gatt_server.o)
 i.GATT_TimeOut_Handler
                0x1004aa80       0x1a ../../../../../../Library/Bluetooth_LE/library\libbluenrg1_stack.a(gatt_server.o)
                0x1004aa80                GATT_TimeOut_Handler
 *fill*         0x1004aa9a        0x2 
 i.Gatt_Add_Charac_Desc
                0x1004aa9c      0x160 ../../../../../../Library/Bluetooth_LE/library\libbluenrg1_stack.a(gatt_server.o)
                0x1004aa9c                Gatt_Add_Charac_Desc
 i.Gatt_Add_Characteristic
                0x1004abfc      0x33c ../../../../../../Library/Bluetooth_LE/library\libbluenrg1_stack.a(gatt_server.o)
                0x1004abfc                Gatt_Add_Characteristic
 i.Gatt_Add_Descriptor
                0x1004af38      0x158 ../../../../../../Library/Bluetooth_LE/library\libbluenrg1_stack.a(gatt_server.o)
                0x1004af38                Gatt_Add_Descriptor
 i.Gatt_Add_Service
                0x1004b090      0x160 ../../../../../../Library/Bluetooth_LE/library\libbluenrg1_stack.a(gatt_server.o)
                0x1004b090                Gatt_Add_Service
 i.Gatt_Appl_Auth_For_Read
                0x1004b1f0       0xe8 ../../../../../../Library/Bluetooth_LE/library\libbluenrg1_stack.a(gatt_server.o)
                0x1004b1f0                Gatt_Appl_Auth_For_Read
 i.Gatt_Find_Srv_From_Handle
                0x1004b2d8       0x2c ../../../../../../Library/Bluetooth_LE/library\libbluenrg1_stack.a(gatt_server.o)
                0x1004b2d8                Gatt_Find_Srv_From_Handle
 i.Gatt_Find_Srv_Owner_Of_Handle
                0x1004b304       0x48 ../../../../../../Library/Bluetooth_LE/library\libbluenrg1_stack.a(gatt_server.o)
                0x1004b304                Gatt_Find_Srv_Owner_Of_Handle
 i.Gatt_Find_Timed_Out_Connection_Index
                0x1004b34c       0x38 ../../../../../../Library/Bluetooth_LE/library\libbluenrg1_stack.a(gatt_server.o)
                0x1004b34c                Gatt_Find_Timed_Out_Connection_Index
 i.Gatt_Flush_Pending_AclPacket_Lists
                0x1004b384       0x34 ../../../../../../Library/Bluetooth_LE/library\libbluenrg1_stack.a(gatt_server.o)
 i.Gatt_Process_Q
                0x1004b3b8      0x19c ../../../../../../Library/Bluetooth_LE/library\libbluenrg1_stack.a(gatt_server.o)
                0x1004b3b8                Gatt_Process_Q
 i.Gatt_Reset_To_Closed_State
                0x1004b554       0xfc ../../../../../../Library/Bluetooth_LE/library\libbluenrg1_stack.a(gatt_server.o)
 i.Gatt_Server_Db_Check
                0x1004b650       0x38 ../../../../../../Library/Bluetooth_LE/library\libbluenrg1_stack.a(gatt_server.o)
                0x1004b650                Gatt_Server_Db_Check
 i.Gatt_Server_Init
                0x1004b688      0x194 ../../../../../../Library/Bluetooth_LE/library\libbluenrg1_stack.a(gatt_server.o)
                0x1004b688                Gatt_Server_Init
 i.Gatt_Server_L2C_Handler
                0x1004b81c      0x21c ../../../../../../Library/Bluetooth_LE/library\libbluenrg1_stack.a(gatt_server.o)
                0x1004b81c                Gatt_Server_L2C_Handler
 i.Gatt_Server_L2C_Handler_ISR
                0x1004ba38       0x4c ../../../../../../Library/Bluetooth_LE/library\libbluenrg1_stack.a(gatt_server.o)
                0x1004ba38                Gatt_Server_L2C_Handler_ISR
 i.Gatt_Store_Server_Database_And_Reset_CCCD
                0x1004ba84      0x170 ../../../../../../Library/Bluetooth_LE/library\libbluenrg1_stack.a(gatt_server.o)
 i.Gatt_Update_Charac_Value
                0x1004bbf4       0x68 ../../../../../../Library/Bluetooth_LE/library\libbluenrg1_stack.a(gatt_server.o)
                0x1004bbf4                Gatt_Update_Charac_Value
 i.Gatt_Update_Charac_Value_Ext
                0x1004bc5c      0x390 ../../../../../../Library/Bluetooth_LE/library\libbluenrg1_stack.a(gatt_server.o)
                0x1004bc5c                Gatt_Update_Charac_Value_Ext
 i.Gatt_fetch_handle
                0x1004bfec       0x3c ../../../../../../Library/Bluetooth_LE/library\libbluenrg1_stack.a(gatt_server.o)
                0x1004bfec                Gatt_fetch_handle
 i.Gatt_search_handle
                0x1004c028       0x1e ../../../../../../Library/Bluetooth_LE/library\libbluenrg1_stack.a(gatt_server.o)
                0x1004c028                Gatt_search_handle
 *fill*         0x1004c046        0x2 
 i.Gatt_search_service_handle
                0x1004c048       0x30 ../../../../../../Library/Bluetooth_LE/library\libbluenrg1_stack.a(gatt_server.o)
                0x1004c048                Gatt_search_service_handle
 i.Ind_Service_Change_Charac
                0x1004c078       0x48 ../../../../../../Library/Bluetooth_LE/library\libbluenrg1_stack.a(gatt_server.o)
                0x1004c078                Ind_Service_Change_Charac
 i.Pm_Resize_Host_Acl_Pckt
                0x1004c0c0        0xe ../../../../../../Library/Bluetooth_LE/library\libbluenrg1_stack.a(gatt_server.o)
 *fill*         0x1004c0ce        0x2 
 i.Process_Peer_Client_Data
                0x1004c0d0      0x1f8 ../../../../../../Library/Bluetooth_LE/library\libbluenrg1_stack.a(gatt_server.o)
                0x1004c0d0                Process_Peer_Client_Data
 i.Process_Peer_Server_Data
                0x1004c2c8      0x16c ../../../../../../Library/Bluetooth_LE/library\libbluenrg1_stack.a(gatt_server.o)
                0x1004c2c8                Process_Peer_Server_Data
 i.Select_Next_Notification_Client
                0x1004c434       0x50 ../../../../../../Library/Bluetooth_LE/library\libbluenrg1_stack.a(gatt_server.o)
                0x1004c434                Select_Next_Notification_Client
 i.Send_Notif_Or_Ind
                0x1004c484       0x4c ../../../../../../Library/Bluetooth_LE/library\libbluenrg1_stack.a(gatt_server.o)
                0x1004c484                Send_Notif_Or_Ind
 i.aci_gatt_indication_event_push
                0x1004c4d0       0x90 ../../../../../../Library/Bluetooth_LE/library\libbluenrg1_stack.a(gatt_server.o)
 i.aci_gatt_notification_event_push
                0x1004c560       0x90 ../../../../../../Library/Bluetooth_LE/library\libbluenrg1_stack.a(gatt_server.o)
 i.aci_hal_fw_error_event_push
                0x1004c5f0       0x5c ../../../../../../Library/Bluetooth_LE/library\libbluenrg1_stack.a(gatt_server.o)
 i.store_data   0x1004c64c       0x1e ../../../../../../Library/Bluetooth_LE/library\libbluenrg1_stack.a(gatt_server.o)
                0x1004c64c                store_data
 i.__ARM_common_switch8
                0x1004c66a       0x1a ../../../../../../Library/Bluetooth_LE/library\libbluenrg1_stack.a(gatt_server.o)
                0x1004c66a                __ARM_common_switch8
 i.HAL_Flash_Store_Data
                0x1004c684       0x54 ../../../../../../Library/Bluetooth_LE/library\libbluenrg1_stack.a(hal.o)
                0x1004c684                HAL_Flash_Store_Data
 i.HAL_Generate_Random_Bytes_To
                0x1004c6d8       0x20 ../../../../../../Library/Bluetooth_LE/library\libbluenrg1_stack.a(hal.o)
                0x1004c6d8                HAL_Generate_Random_Bytes_To
 i.HAL_Set_TX_Power_Level
                0x1004c6f8       0x44 ../../../../../../Library/Bluetooth_LE/library\libbluenrg1_stack.a(hal.o)
                0x1004c6f8                HAL_Set_TX_Power_Level
 i.HAL_Write_ConfigData
                0x1004c73c      0x11c ../../../../../../Library/Bluetooth_LE/library\libbluenrg1_stack.a(hal.o)
                0x1004c73c                HAL_Write_ConfigData
 i.Hal_Get_Random_Number
                0x1004c858       0x3a ../../../../../../Library/Bluetooth_LE/library\libbluenrg1_stack.a(hal.o)
                0x1004c858                Hal_Get_Random_Number
 i.Hal_Get_Random_Number32
                0x1004c892       0x12 ../../../../../../Library/Bluetooth_LE/library\libbluenrg1_stack.a(hal.o)
                0x1004c892                Hal_Get_Random_Number32
 i.ble_HAL_Init
                0x1004c8a4       0x1c ../../../../../../Library/Bluetooth_LE/library\libbluenrg1_stack.a(hal.o)
                0x1004c8a4                ble_HAL_Init
 i.char_copy    0x1004c8c0       0x12 ../../../../../../Library/Bluetooth_LE/library\libbluenrg1_stack.a(hal.o)
                0x1004c8c0                char_copy
 *fill*         0x1004c8d2        0x2 
 i.hal_radio_activity_state_callback_check
                0x1004c8d4       0x34 ../../../../../../Library/Bluetooth_LE/library\libbluenrg1_stack.a(hal.o)
                0x1004c8d4                hal_radio_activity_state_callback_check
 i.hal_radio_activity_state_init
                0x1004c908       0x1c ../../../../../../Library/Bluetooth_LE/library\libbluenrg1_stack.a(hal.o)
                0x1004c908                hal_radio_activity_state_init
 i.hal_read_radio_activity_state
                0x1004c924       0x40 ../../../../../../Library/Bluetooth_LE/library\libbluenrg1_stack.a(hal.o)
                0x1004c924                hal_read_radio_activity_state
 i.set_string   0x1004c964       0x10 ../../../../../../Library/Bluetooth_LE/library\libbluenrg1_stack.a(hal.o)
                0x1004c964                set_string
 i.Controller_Process_Q
                0x1004c974       0x1c ../../../../../../Library/Bluetooth_LE/library\libbluenrg1_stack.a(hci.o)
                0x1004c974                Controller_Process_Q
 i.HCI_Init     0x1004c990       0x7c ../../../../../../Library/Bluetooth_LE/library\libbluenrg1_stack.a(hci.o)
                0x1004c990                HCI_Init
 i.PKA_Offline_Processing_ucfg
                0x1004ca0c        0x2 ../../../../../../Library/Bluetooth_LE/library\libbluenrg1_stack.a(hci.o)
                0x1004ca0c                PKA_Offline_Processing_ucfg
 i.PRIV_controller_privacy_csr_ucfg
                0x1004ca0e        0x4 ../../../../../../Library/Bluetooth_LE/library\libbluenrg1_stack.a(hci.o)
                0x1004ca0e                PRIV_controller_privacy_csr_ucfg
 i.data_length_extension_csr_ucfg
                0x1004ca12        0x4 ../../../../../../Library/Bluetooth_LE/library\libbluenrg1_stack.a(hci.o)
                0x1004ca12                data_length_extension_csr_ucfg
 *fill*         0x1004ca16        0x2 
 i.hci_acl_Process_Q
                0x1004ca18       0x6c ../../../../../../Library/Bluetooth_LE/library\libbluenrg1_stack.a(hci.o)
                0x1004ca18                hci_acl_Process_Q
 i.hci_le_encrypt
                0x1004ca84        0xa ../../../../../../Library/Bluetooth_LE/library\libbluenrg1_stack.a(hci.o)
                0x1004ca84                hci_le_encrypt
 i.hci_le_long_term_key_request_reply
                0x1004ca8e        0xe ../../../../../../Library/Bluetooth_LE/library\libbluenrg1_stack.a(hci.o)
                0x1004ca8e                hci_le_long_term_key_request_reply
 i.hci_le_long_term_key_requested_negative_reply
                0x1004ca9c        0xe ../../../../../../Library/Bluetooth_LE/library\libbluenrg1_stack.a(hci.o)
                0x1004ca9c                hci_le_long_term_key_requested_negative_reply
 i.hci_le_set_scan_response_data
                0x1004caaa       0x16 ../../../../../../Library/Bluetooth_LE/library\libbluenrg1_stack.a(hci.o)
                0x1004caaa                hci_le_set_scan_response_data
 i.hci_rx_acl_data
                0x1004cac0       0x6c ../../../../../../Library/Bluetooth_LE/library\libbluenrg1_stack.a(hci.o)
                0x1004cac0                hci_rx_acl_data
 i.hci_tx_acl_data_done
                0x1004cb2c       0x44 ../../../../../../Library/Bluetooth_LE/library\libbluenrg1_stack.a(hci.o)
                0x1004cb2c                hci_tx_acl_data_done
 i.HAL_VTimerAcc_sysT32_ms
                0x1004cb70       0x24 ../../../../../../Library/Bluetooth_LE/library\libbluenrg1_stack.a(host_timer.o)
                0x1004cb70                HAL_VTimerAcc_sysT32_ms
 i.HAL_VTimerDiff_ms_sysT32
                0x1004cb94        0xc ../../../../../../Library/Bluetooth_LE/library\libbluenrg1_stack.a(host_timer.o)
                0x1004cb94                HAL_VTimerDiff_ms_sysT32
 i.HAL_VTimerGetCurrentTime_sysT32
                0x1004cba0       0x12 ../../../../../../Library/Bluetooth_LE/library\libbluenrg1_stack.a(host_timer.o)
                0x1004cba0                HAL_VTimerGetCurrentTime_sysT32
 i.HAL_VTimerStart_ms
                0x1004cbb2       0x1a ../../../../../../Library/Bluetooth_LE/library\libbluenrg1_stack.a(host_timer.o)
                0x1004cbb2                HAL_VTimerStart_ms
 i.HAL_VTimerStart_sysT32
                0x1004cbcc       0x1a ../../../../../../Library/Bluetooth_LE/library\libbluenrg1_stack.a(host_timer.o)
                0x1004cbcc                HAL_VTimerStart_sysT32
 i.HAL_VTimer_Stop
                0x1004cbe6       0x10 ../../../../../../Library/Bluetooth_LE/library\libbluenrg1_stack.a(host_timer.o)
                0x1004cbe6                HAL_VTimer_Stop
 *fill*         0x1004cbf6        0x2 
 i.Set_Host_Timer_value
                0x1004cbf8       0x50 ../../../../../../Library/Bluetooth_LE/library\libbluenrg1_stack.a(host_timer.o)
                0x1004cbf8                Set_Host_Timer_value
 i.TimerCallback
                0x1004cc48       0x7c ../../../../../../Library/Bluetooth_LE/library\libbluenrg1_stack.a(host_timer.o)
 i.Timer_ExpiryCallback
                0x1004ccc4       0x14 ../../../../../../Library/Bluetooth_LE/library\libbluenrg1_stack.a(host_timer.o)
                0x1004ccc4                Timer_ExpiryCallback
 i.Timer_Init   0x1004ccd8       0x34 ../../../../../../Library/Bluetooth_LE/library\libbluenrg1_stack.a(host_timer.o)
                0x1004ccd8                Timer_Init
 i.Timer_ProcessQ
                0x1004cd0c      0x11c ../../../../../../Library/Bluetooth_LE/library\libbluenrg1_stack.a(host_timer.o)
                0x1004cd0c                Timer_ProcessQ
 i.Timer_StartOneShot
                0x1004ce28       0x22 ../../../../../../Library/Bluetooth_LE/library\libbluenrg1_stack.a(host_timer.o)
                0x1004ce28                Timer_StartOneShot
 *fill*         0x1004ce4a        0x2 
 i.Timer_StartOneShot_sysTime32
                0x1004ce4c       0x74 ../../../../../../Library/Bluetooth_LE/library\libbluenrg1_stack.a(host_timer.o)
                0x1004ce4c                Timer_StartOneShot_sysTime32
 i.Timer_StopOneShot
                0x1004cec0       0x58 ../../../../../../Library/Bluetooth_LE/library\libbluenrg1_stack.a(host_timer.o)
                0x1004cec0                Timer_StopOneShot
 i.Timer_sysTime32_convMachineTime
                0x1004cf18       0x24 ../../../../../../Library/Bluetooth_LE/library\libbluenrg1_stack.a(host_timer.o)
                0x1004cf18                Timer_sysTime32_convMachineTime
 i.L2C_Build_Command_Reject_Pdu
                0x1004cf3c       0x7c ../../../../../../Library/Bluetooth_LE/library\libbluenrg1_stack.a(l2cap.o)
                0x1004cf3c                L2C_Build_Command_Reject_Pdu
 i.L2C_Connection_Complete_Handler
                0x1004cfb8       0x4a ../../../../../../Library/Bluetooth_LE/library\libbluenrg1_stack.a(l2cap.o)
                0x1004cfb8                L2C_Connection_Complete_Handler
 i.L2C_Connection_Complete_Signal_Handler
                0x1004d002       0x2a ../../../../../../Library/Bluetooth_LE/library\libbluenrg1_stack.a(l2cap.o)
                0x1004d002                L2C_Connection_Complete_Signal_Handler
 i.L2C_Get_Connection_Info
                0x1004d02c       0x34 ../../../../../../Library/Bluetooth_LE/library\libbluenrg1_stack.a(l2cap.o)
 i.L2C_Get_Connection_Info_Index
                0x1004d060       0x30 ../../../../../../Library/Bluetooth_LE/library\libbluenrg1_stack.a(l2cap.o)
 i.L2C_Get_PDU_Len
                0x1004d090        0xe ../../../../../../Library/Bluetooth_LE/library\libbluenrg1_stack.a(l2cap.o)
                0x1004d090                L2C_Get_PDU_Len
 *fill*         0x1004d09e        0x2 
 i.L2C_Init     0x1004d0a0       0x58 ../../../../../../Library/Bluetooth_LE/library\libbluenrg1_stack.a(l2cap.o)
                0x1004d0a0                L2C_Init
 i.L2C_Mux_Acl_Packet
                0x1004d0f8       0x58 ../../../../../../Library/Bluetooth_LE/library\libbluenrg1_stack.a(l2cap.o)
 i.L2C_Rcv_Data
                0x1004d150       0xcc ../../../../../../Library/Bluetooth_LE/library\libbluenrg1_stack.a(l2cap.o)
 i.L2C_Rcv_Event_Handler
                0x1004d21c       0x1e ../../../../../../Library/Bluetooth_LE/library\libbluenrg1_stack.a(l2cap.o)
                0x1004d21c                L2C_Rcv_Event_Handler
 i.L2C_Rcv_Event_Handler_ISR
                0x1004d23a       0x54 ../../../../../../Library/Bluetooth_LE/library\libbluenrg1_stack.a(l2cap.o)
                0x1004d23a                L2C_Rcv_Event_Handler_ISR
 *fill*         0x1004d28e        0x2 
 i.L2C_Reset_To_Closed_State
                0x1004d290       0x7c ../../../../../../Library/Bluetooth_LE/library\libbluenrg1_stack.a(l2cap.o)
 i.L2C_Send_Data
                0x1004d30c       0x4c ../../../../../../Library/Bluetooth_LE/library\libbluenrg1_stack.a(l2cap.o)
                0x1004d30c                L2C_Send_Data
 i.L2C_SigChan_Req_TimeOut_Handler
                0x1004d358       0x60 ../../../../../../Library/Bluetooth_LE/library\libbluenrg1_stack.a(l2cap.o)
                0x1004d358                L2C_SigChan_Req_TimeOut_Handler
 i.L2C_Signal_Channel_Handler
                0x1004d3b8      0x1b0 ../../../../../../Library/Bluetooth_LE/library\libbluenrg1_stack.a(l2cap.o)
                0x1004d3b8                L2C_Signal_Channel_Handler
 i.L2C_Signal_Channel_Handler_ISR
                0x1004d568       0x24 ../../../../../../Library/Bluetooth_LE/library\libbluenrg1_stack.a(l2cap.o)
                0x1004d568                L2C_Signal_Channel_Handler_ISR
 i.L2C_discard_accumulated_acl_data
                0x1004d58c       0x5c ../../../../../../Library/Bluetooth_LE/library\libbluenrg1_stack.a(l2cap.o)
 i.aci_l2cap_connection_update_req_event_push
                0x1004d5e8       0x98 ../../../../../../Library/Bluetooth_LE/library\libbluenrg1_stack.a(l2cap.o)
 i.Data_Length_Update_Control_ISR_ucfg
                0x1004d680        0x4 ../../../../../../Library/Bluetooth_LE/library\libbluenrg1_stack.a(ll_isr.o)
                0x1004d680                Data_Length_Update_Control_ISR_ucfg
 i.RAL_Isr      0x1004d684      0x218 ../../../../../../Library/Bluetooth_LE/library\libbluenrg1_stack.a(ll_isr.o)
                0x1004d684                RAL_Isr
 i.copy_4_u32   0x1004d89c       0x12 ../../../../../../Library/Bluetooth_LE/library\libbluenrg1_stack.a(ll_isr.o)
                0x1004d89c                copy_4_u32
 *fill*         0x1004d8ae        0x2 
 i.copy_tx_data_packet
                0x1004d8b0       0x84 ../../../../../../Library/Bluetooth_LE/library\libbluenrg1_stack.a(ll_isr.o)
                0x1004d8b0                copy_tx_data_packet
 i.encrypt      0x1004d934       0x74 ../../../../../../Library/Bluetooth_LE/library\libbluenrg1_stack.a(ll_isr.o)
                0x1004d934                encrypt
 i.isr_advertise_state
                0x1004d9a8      0x398 ../../../../../../Library/Bluetooth_LE/library\libbluenrg1_stack.a(ll_isr.o)
 i.isr_connect_slave_state
                0x1004dd40      0x7e4 ../../../../../../Library/Bluetooth_LE/library\libbluenrg1_stack.a(ll_isr.o)
 i.isr_test_rx_state
                0x1004e524       0x34 ../../../../../../Library/Bluetooth_LE/library\libbluenrg1_stack.a(ll_isr.o)
 i.isr_test_tx_state
                0x1004e558       0x64 ../../../../../../Library/Bluetooth_LE/library\libbluenrg1_stack.a(ll_isr.o)
 i.isr_unknown_state
                0x1004e5bc       0x2c ../../../../../../Library/Bluetooth_LE/library\libbluenrg1_stack.a(ll_isr.o)
 i.state_func_call_init_csr_ucfg
                0x1004e5e8        0x2 ../../../../../../Library/Bluetooth_LE/library\libbluenrg1_stack.a(ll_isr.o)
                0x1004e5e8                state_func_call_init_csr_ucfg
 i.__ARM_common_memcpy1_6
                0x1004e5ea       0x1a ../../../../../../Library/Bluetooth_LE/library\libbluenrg1_stack.a(ll_isr.o)
                0x1004e5ea                __ARM_common_memcpy1_6
 i.LL_LE_Clear_White_List
                0x1004e604       0x28 ../../../../../../Library/Bluetooth_LE/library\libbluenrg1_stack.a(ll_privacy.o)
                0x1004e604                LL_LE_Clear_White_List
 i.PRIVWHIT_u8SearchAddrInList
                0x1004e62c       0x84 ../../../../../../Library/Bluetooth_LE/library\libbluenrg1_stack.a(ll_privacy.o)
                0x1004e62c                PRIVWHIT_u8SearchAddrInList
 i.PRIVWHIT_vInit_Struct
                0x1004e6b0       0xb8 ../../../../../../Library/Bluetooth_LE/library\libbluenrg1_stack.a(ll_privacy.o)
                0x1004e6b0                PRIVWHIT_vInit_Struct
 i.PRIV_SearchAddrInWhiteList
                0x1004e768       0x58 ../../../../../../Library/Bluetooth_LE/library\libbluenrg1_stack.a(ll_privacy.o)
                0x1004e768                PRIV_SearchAddrInWhiteList
 i.PRIV_u32ProcessAdvPacket_ucfg
                0x1004e7c0        0x4 ../../../../../../Library/Bluetooth_LE/library\libbluenrg1_stack.a(ll_privacy.o)
                0x1004e7c0                PRIV_u32ProcessAdvPacket_ucfg
 i.PRIV_u8OfflineProcessing_ucfg
                0x1004e7c4        0x4 ../../../../../../Library/Bluetooth_LE/library\libbluenrg1_stack.a(ll_privacy.o)
                0x1004e7c4                PRIV_u8OfflineProcessing_ucfg
 i.PRIV_vGeneratePrivateAddress_ucfg
                0x1004e7c8        0x2 ../../../../../../Library/Bluetooth_LE/library\libbluenrg1_stack.a(ll_privacy.o)
                0x1004e7c8                PRIV_vGeneratePrivateAddress_ucfg
 i.PRIV_vGenerate_hci_le_enhanced_connection_complete_event_ucfg
                0x1004e7ca        0x2 ../../../../../../Library/Bluetooth_LE/library\libbluenrg1_stack.a(ll_privacy.o)
                0x1004e7ca                PRIV_vGenerate_hci_le_enhanced_connection_complete_event_ucfg
 i.Data_Len_Update_Offline_Processing_ucfg
                0x1004e7cc        0x2 ../../../../../../Library/Bluetooth_LE/library\libbluenrg1_stack.a(ll_routines.o)
                0x1004e7cc                Data_Len_Update_Offline_Processing_ucfg
 *fill*         0x1004e7ce        0x2 
 i.Disconnection_Offline_Processing
                0x1004e7d0       0x48 ../../../../../../Library/Bluetooth_LE/library\libbluenrg1_stack.a(ll_routines.o)
                0x1004e7d0                Disconnection_Offline_Processing
 i.LL_Data_Length_Change_Event_ucfg
                0x1004e818        0x4 ../../../../../../Library/Bluetooth_LE/library\libbluenrg1_stack.a(ll_routines.o)
                0x1004e818                LL_Data_Length_Change_Event_ucfg
 i.LL_Disconnect_Link
                0x1004e81c       0x3c ../../../../../../Library/Bluetooth_LE/library\libbluenrg1_stack.a(ll_routines.o)
                0x1004e81c                LL_Disconnect_Link
 i.LL_Send_Disconnection_Req
                0x1004e858       0xa4 ../../../../../../Library/Bluetooth_LE/library\libbluenrg1_stack.a(ll_routines.o)
                0x1004e858                LL_Send_Disconnection_Req
 i.LL_Send_Length_Resp_ucfg
                0x1004e8fc        0x4 ../../../../../../Library/Bluetooth_LE/library\libbluenrg1_stack.a(ll_routines.o)
                0x1004e8fc                LL_Send_Length_Resp_ucfg
 i.ll_write_supported_data_ucfg
                0x1004e900        0x4 ../../../../../../Library/Bluetooth_LE/library\libbluenrg1_stack.a(ll_routines.o)
                0x1004e900                ll_write_supported_data_ucfg
 i.read_rssi    0x1004e904       0x7c ../../../../../../Library/Bluetooth_LE/library\libbluenrg1_stack.a(ll_routines.o)
                0x1004e904                read_rssi
 i.Reclassify_All_Channels_ucfg
                0x1004e980        0x2 ../../../../../../Library/Bluetooth_LE/library\libbluenrg1_stack.a(ll_routines_master.o)
                0x1004e980                Reclassify_All_Channels_ucfg
 *fill*         0x1004e982        0x2 
 i.hci_encryption_change_event_push
                0x1004e984       0x5c ../../../../../../Library/Bluetooth_LE/library\libbluenrg1_stack.a(ll_routines_master.o)
 i.hci_encryption_key_refresh_complete_event_push
                0x1004e9e0       0x58 ../../../../../../Library/Bluetooth_LE/library\libbluenrg1_stack.a(ll_routines_master.o)
 i.hci_le_connection_complete_event_push
                0x1004ea38       0x88 ../../../../../../Library/Bluetooth_LE/library\libbluenrg1_stack.a(ll_routines_master.o)
 i.hci_le_connection_update_complete_event_push
                0x1004eac0       0x6c ../../../../../../Library/Bluetooth_LE/library\libbluenrg1_stack.a(ll_routines_master.o)
 i.isr_event_handler
                0x1004eb2c      0x5fc ../../../../../../Library/Bluetooth_LE/library\libbluenrg1_stack.a(ll_routines_master.o)
                0x1004eb2c                isr_event_handler
 i.isr_event_handler_scan_data_ucfg
                0x1004f128        0x2 ../../../../../../Library/Bluetooth_LE/library\libbluenrg1_stack.a(ll_routines_master.o)
                0x1004f128                isr_event_handler_scan_data_ucfg
 *fill*         0x1004f12a        0x2 
 i.LL_Encrypt_Plain_Data_ucfg
                0x1004f12c       0x9c ../../../../../../Library/Bluetooth_LE/library\libbluenrg1_stack.a(ll_routines_support.o)
                0x1004f12c                LL_Encrypt_Plain_Data_ucfg
 i.LL_Set_LTK   0x1004f1c8       0x9c ../../../../../../Library/Bluetooth_LE/library\libbluenrg1_stack.a(ll_routines_support.o)
                0x1004f1c8                LL_Set_LTK
 i.Dynamic_allocator
                0x1004f264      0x264 ../../../../../../Library/Bluetooth_LE/library\libbluenrg1_stack.a(mem_alloc.o)
                0x1004f264                Dynamic_allocator
 i.Dynamic_allocator_noRet
                0x1004f4c8        0x2 ../../../../../../Library/Bluetooth_LE/library\libbluenrg1_stack.a(mem_alloc.o)
                0x1004f4c8                Dynamic_allocator_noRet
 i.Mem_assign   0x1004f4ca       0x16 ../../../../../../Library/Bluetooth_LE/library\libbluenrg1_stack.a(mem_alloc.o)
 i.mem_alloc_ctx_init
                0x1004f4e0       0xa8 ../../../../../../Library/Bluetooth_LE/library\libbluenrg1_stack.a(mem_alloc.o)
                0x1004f4e0                mem_alloc_ctx_init
 i.Mem_Buff_Append
                0x1004f588       0x12 ../../../../../../Library/Bluetooth_LE/library\libbluenrg1_stack.a(mem_buff.o)
                0x1004f588                Mem_Buff_Append
 i.Mem_Buff_Block_Copy
                0x1004f59a       0x48 ../../../../../../Library/Bluetooth_LE/library\libbluenrg1_stack.a(mem_buff.o)
                0x1004f59a                Mem_Buff_Block_Copy
 i.Mem_Buff_Block_Write
                0x1004f5e2       0x56 ../../../../../../Library/Bluetooth_LE/library\libbluenrg1_stack.a(mem_buff.o)
                0x1004f5e2                Mem_Buff_Block_Write
 i.Mem_Buff_Clone
                0x1004f638       0x32 ../../../../../../Library/Bluetooth_LE/library\libbluenrg1_stack.a(mem_buff.o)
                0x1004f638                Mem_Buff_Clone
 i.Mem_Buff_Cmp
                0x1004f66a       0x78 ../../../../../../Library/Bluetooth_LE/library\libbluenrg1_stack.a(mem_buff.o)
                0x1004f66a                Mem_Buff_Cmp
 i.Mem_Buff_Compact
                0x1004f6e2       0xba ../../../../../../Library/Bluetooth_LE/library\libbluenrg1_stack.a(mem_buff.o)
                0x1004f6e2                Mem_Buff_Compact
 i.Mem_Buff_Get
                0x1004f79c       0x2e ../../../../../../Library/Bluetooth_LE/library\libbluenrg1_stack.a(mem_buff.o)
                0x1004f79c                Mem_Buff_Get
 i.Mem_Buff_Get_Chain_Count
                0x1004f7ca       0x14 ../../../../../../Library/Bluetooth_LE/library\libbluenrg1_stack.a(mem_buff.o)
                0x1004f7ca                Mem_Buff_Get_Chain_Count
 i.Mem_Buff_Get_Chain_Size
                0x1004f7de       0x14 ../../../../../../Library/Bluetooth_LE/library\libbluenrg1_stack.a(mem_buff.o)
                0x1004f7de                Mem_Buff_Get_Chain_Size
 i.Mem_Buff_Init
                0x1004f7f2       0x6a ../../../../../../Library/Bluetooth_LE/library\libbluenrg1_stack.a(mem_buff.o)
                0x1004f7f2                Mem_Buff_Init
 i.Mem_Buff_Read
                0x1004f85c       0x62 ../../../../../../Library/Bluetooth_LE/library\libbluenrg1_stack.a(mem_buff.o)
                0x1004f85c                Mem_Buff_Read
 i.Mem_Buff_Release
                0x1004f8be       0x36 ../../../../../../Library/Bluetooth_LE/library\libbluenrg1_stack.a(mem_buff.o)
                0x1004f8be                Mem_Buff_Release
 i.Mem_Buff_Resize
                0x1004f8f4       0x8e ../../../../../../Library/Bluetooth_LE/library\libbluenrg1_stack.a(mem_buff.o)
                0x1004f8f4                Mem_Buff_Resize
 i.Mem_Buff_Write
                0x1004f982       0x68 ../../../../../../Library/Bluetooth_LE/library\libbluenrg1_stack.a(mem_buff.o)
                0x1004f982                Mem_Buff_Write
 *fill*         0x1004f9ea        0x2 
 i.adapt_slot   0x1004f9ec      0x260 ../../../../../../Library/Bluetooth_LE/library\libbluenrg1_stack.a(multi_master_time.o)
 i.advance_slave_timing_MultiSlave
                0x1004fc4c      0x2cc ../../../../../../Library/Bluetooth_LE/library\libbluenrg1_stack.a(multi_master_time.o)
                0x1004fc4c                advance_slave_timing_MultiSlave
 i.cancel_current_master
                0x1004ff18      0x1a8 ../../../../../../Library/Bluetooth_LE/library\libbluenrg1_stack.a(multi_master_time.o)
                0x1004ff18                cancel_current_master
 i.get_advertiser
                0x100500c0       0x48 ../../../../../../Library/Bluetooth_LE/library\libbluenrg1_stack.a(multi_master_time.o)
                0x100500c0                get_advertiser
 i.get_connection_no
                0x10050108       0x88 ../../../../../../Library/Bluetooth_LE/library\libbluenrg1_stack.a(multi_master_time.o)
                0x10050108                get_connection_no
 i.get_next_free_slot
                0x10050190       0x34 ../../../../../../Library/Bluetooth_LE/library\libbluenrg1_stack.a(multi_master_time.o)
                0x10050190                get_next_free_slot
 i.get_scan_connection
                0x100501c4       0x48 ../../../../../../Library/Bluetooth_LE/library\libbluenrg1_stack.a(multi_master_time.o)
                0x100501c4                get_scan_connection
 i.is_slave     0x1005020c       0x34 ../../../../../../Library/Bluetooth_LE/library\libbluenrg1_stack.a(multi_master_time.o)
                0x1005020c                is_slave
 i.nsar_init    0x10050240       0x18 ../../../../../../Library/Bluetooth_LE/library\libbluenrg1_stack.a(multi_master_time.o)
                0x10050240                nsar_init
 i.nsar_insertSlotListEntry
                0x10050258       0x1c ../../../../../../Library/Bluetooth_LE/library\libbluenrg1_stack.a(multi_master_time.o)
 i.nsar_searchBestFreeSlot
                0x10050274       0xc0 ../../../../../../Library/Bluetooth_LE/library\libbluenrg1_stack.a(multi_master_time.o)
 i.nsar_updateBestFreeSlot
                0x10050334       0x22 ../../../../../../Library/Bluetooth_LE/library\libbluenrg1_stack.a(multi_master_time.o)
 *fill*         0x10050356        0x2 
 i.nsar_updateSlotListEntry
                0x10050358       0x6c ../../../../../../Library/Bluetooth_LE/library\libbluenrg1_stack.a(multi_master_time.o)
 i.schedule_advertise_slot
                0x100503c4       0xb0 ../../../../../../Library/Bluetooth_LE/library\libbluenrg1_stack.a(multi_master_time.o)
                0x100503c4                schedule_advertise_slot
 i.start_timebase
                0x10050474       0xd0 ../../../../../../Library/Bluetooth_LE/library\libbluenrg1_stack.a(multi_master_time.o)
                0x10050474                start_timebase
 i.swap_u16     0x10050544        0xa ../../../../../../Library/Bluetooth_LE/library\libbluenrg1_stack.a(multi_master_time.o)
 *fill*         0x1005054e        0x2 
 i.timebase_start_connect
                0x10050550       0x38 ../../../../../../Library/Bluetooth_LE/library\libbluenrg1_stack.a(multi_master_time.o)
                0x10050550                timebase_start_connect
 i.Flash_Write_Flagged
                0x10050588       0x3c ../../../../../../Library/Bluetooth_LE/library\libbluenrg1_stack.a(nvm.o)
                0x10050588                Flash_Write_Flagged
 i.Is_Flash_Write_On_Going
                0x100505c4       0x10 ../../../../../../Library/Bluetooth_LE/library\libbluenrg1_stack.a(nvm.o)
                0x100505c4                Is_Flash_Write_On_Going
 i.PM_Check_And_Set
                0x100505d4       0x50 ../../../../../../Library/Bluetooth_LE/library\libbluenrg1_stack.a(pm.o)
 i.PM_Clone_Pckt
                0x10050624       0x22 ../../../../../../Library/Bluetooth_LE/library\libbluenrg1_stack.a(pm.o)
                0x10050624                PM_Clone_Pckt
 *fill*         0x10050646        0x2 
 i.PM_Compact   0x10050648       0x54 ../../../../../../Library/Bluetooth_LE/library\libbluenrg1_stack.a(pm.o)
                0x10050648                PM_Compact
 i.PM_Copy_Pckt_Data
                0x1005069c       0x12 ../../../../../../Library/Bluetooth_LE/library\libbluenrg1_stack.a(pm.o)
                0x1005069c                PM_Copy_Pckt_Data
 *fill*         0x100506ae        0x2 
 i.PM_Eng_Config
                0x100506b0       0x18 ../../../../../../Library/Bluetooth_LE/library\libbluenrg1_stack.a(pm.o)
                0x100506b0                PM_Eng_Config
 i.PM_Extract_Pdu_MBuff
                0x100506c8        0xc ../../../../../../Library/Bluetooth_LE/library\libbluenrg1_stack.a(pm.o)
                0x100506c8                PM_Extract_Pdu_MBuff
 i.PM_Get_Available_Buffer
                0x100506d4       0x3c ../../../../../../Library/Bluetooth_LE/library\libbluenrg1_stack.a(pm.o)
                0x100506d4                PM_Get_Available_Buffer
 i.PM_Get_Mem_Buff_Count
                0x10050710        0xa ../../../../../../Library/Bluetooth_LE/library\libbluenrg1_stack.a(pm.o)
                0x10050710                PM_Get_Mem_Buff_Count
 *fill*         0x1005071a        0x2 
 i.PM_Get_Pckt  0x1005071c       0x44 ../../../../../../Library/Bluetooth_LE/library\libbluenrg1_stack.a(pm.o)
                0x1005071c                PM_Get_Pckt
 i.PM_Init      0x10050760       0x68 ../../../../../../Library/Bluetooth_LE/library\libbluenrg1_stack.a(pm.o)
                0x10050760                PM_Init
 i.PM_Pckt_Cmp  0x100507c8        0xa ../../../../../../Library/Bluetooth_LE/library\libbluenrg1_stack.a(pm.o)
                0x100507c8                PM_Pckt_Cmp
 *fill*         0x100507d2        0x2 
 i.PM_Release_Acl_Pckt
                0x100507d4       0x3c ../../../../../../Library/Bluetooth_LE/library\libbluenrg1_stack.a(pm.o)
                0x100507d4                PM_Release_Acl_Pckt
 i.PM_Resize_Pckt_Pdu_Size
                0x10050810       0x6c ../../../../../../Library/Bluetooth_LE/library\libbluenrg1_stack.a(pm.o)
                0x10050810                PM_Resize_Pckt_Pdu_Size
 i.PM_Write_Pckt_Data
                0x1005087c       0x12 ../../../../../../Library/Bluetooth_LE/library\libbluenrg1_stack.a(pm.o)
                0x1005087c                PM_Write_Pckt_Data
 i.Accu_Handles_Requiring_Auth
                0x1005088e       0x6e ../../../../../../Library/Bluetooth_LE/library\libbluenrg1_stack.a(rom_att.o)
                0x1005088e                Accu_Handles_Requiring_Auth
 i.Accu_UuidTypes_Requiring_Auth
                0x100508fc       0xea ../../../../../../Library/Bluetooth_LE/library\libbluenrg1_stack.a(rom_att.o)
                0x100508fc                Accu_UuidTypes_Requiring_Auth
 *fill*         0x100509e6        0x2 
 i.GAP_Privacy1v2
                0x100509e8      0x1e0 ../../../../../../Library/Bluetooth_LE/library\libbluenrg1_stack.a(rom_gap.o)
                0x100509e8                GAP_Privacy1v2
 i.GAP_PrivateAddrTimercb
                0x10050bc8       0x48 ../../../../../../Library/Bluetooth_LE/library\libbluenrg1_stack.a(rom_gap.o)
                0x10050bc8                GAP_PrivateAddrTimercb
 i.GapIsPrivacySupported
                0x10050c10       0x14 ../../../../../../Library/Bluetooth_LE/library\libbluenrg1_stack.a(rom_gap.o)
                0x10050c10                GapIsPrivacySupported
 i.Generate_Non_Resolvable_Private_Address
                0x10050c24       0x88 ../../../../../../Library/Bluetooth_LE/library\libbluenrg1_stack.a(rom_gap.o)
                0x10050c24                Generate_Non_Resolvable_Private_Address
 i.GAP_Delete_ADType
                0x10050cac       0xb0 ../../../../../../Library/Bluetooth_LE/library\libbluenrg1_stack.a(rom_gap_rom.o)
                0x10050cac                GAP_Delete_ADType
 i.GAP_Notify_Add_Charac
                0x10050d5c       0x70 ../../../../../../Library/Bluetooth_LE/library\libbluenrg1_stack.a(rom_gap_rom.o)
                0x10050d5c                GAP_Notify_Add_Charac
 i.GAP_Terminate_Link
                0x10050dcc        0x8 ../../../../../../Library/Bluetooth_LE/library\libbluenrg1_stack.a(rom_gap_rom.o)
                0x10050dcc                GAP_Terminate_Link
 i.Get_GAP_Handle
                0x10050dd4       0x10 ../../../../../../Library/Bluetooth_LE/library\libbluenrg1_stack.a(rom_gap_rom.o)
                0x10050dd4                Get_GAP_Handle
 i.Get_StaticRandAddr
                0x10050de4       0x14 ../../../../../../Library/Bluetooth_LE/library\libbluenrg1_stack.a(rom_gap_rom.o)
                0x10050de4                Get_StaticRandAddr
 i.Check_Encry_Key_Size
                0x10050df8       0x18 ../../../../../../Library/Bluetooth_LE/library\libbluenrg1_stack.a(rom_gatt_server.o)
                0x10050df8                Check_Encry_Key_Size
 i.GATT_Num_Charac_Present
                0x10050e10       0x3a ../../../../../../Library/Bluetooth_LE/library\libbluenrg1_stack.a(rom_gatt_server.o)
                0x10050e10                GATT_Num_Charac_Present
 *fill*         0x10050e4a        0x2 
 i.Start_Gatt_Timer
                0x10050e4c       0x24 ../../../../../../Library/Bluetooth_LE/library\libbluenrg1_stack.a(rom_gatt_server.o)
                0x10050e4c                Start_Gatt_Timer
 i.Stop_Gatt_Timer
                0x10050e70       0x1c ../../../../../../Library/Bluetooth_LE/library\libbluenrg1_stack.a(rom_gatt_server.o)
                0x10050e70                Stop_Gatt_Timer
 i.List_Circular_Get_Size