main.c:126:12:App_SleepMode_Check	0	static
main.c:274:6:Batt_ADC_Configuration	8	static
main.c:297:10:ADC_Value	24	static
main.c:378:6:GPIO_On	8	static
main.c:388:6:GPIO_Off	8	static
main.c:333:6:InitGPIO	16	static
main.c:355:6:InitGPIOInput	16	static
main.c:398:6:GPIO_Toggle	8	static
main.c:408:6:SPI_Master_Configuration	40	static
main.c:687:10:SPI_Read_ADC_Value	8	static
main.c:714:6:SPI_SendByte	8	static
main.c:498:9:SPI_Read_Memory	8	static
main.c:526:6:SPI_WriteEnable_Memory	8	static
main.c:581:9:SPI_ReadRegister_Memory	8	static
main.c:474:6:SPI_Write_Memory	16	static
main.c:540:6:SPI_BulkErase_Memory	8	static
main.c:560:6:SPI_SectorErase_Memory	8	static
main.c:606:6:SPI_DeepPowerDown_Memory	8	static
main.c:621:6:SPI_DeepPowerRelease_Memory	8	static
main.c:639:6:SPI_Write_ADC_Register	16	static
main.c:656:9:SPI_Read_ADC_Register	8	static
main.c:728:6:LEDs_Set_Blue	8	static
main.c:742:6:LEDs_Set_Red	8	static
main.c:756:6:LEDs_Flash	8	static
main.c:787:6:ADC_Reset	8	static
main.c:802:6:Read_ADC	40	static
main.c:841:6:Open_Valve_Small	8	static
main.c:860:6:Close_Valve_Small	8	static
main.c:879:6:Adjust_Valve_State	8	static
main.c:896:6:Open_Valve_Large	8	static
main.c:906:6:Close_Valve_Large	8	static
main.c:916:6:Open_Valve_Small_Final	8	static
main.c:926:6:Close_Valve_Small_Final	8	static
main.c:936:6:Close_Valve	8	static
main.c:957:6:Pump_On	8	static
main.c:967:6:Pump_Off	8	static
main.c:977:6:Pressurize_Air_Bag	64	static
main.c:1019:6:Depressurize_Air_Bag	40	static
main.c:1052:6:Redistribute_Pressure	168	static
main.c:1224:6:Release_AirBags	24	static
main.c:1254:6:WriteHeader_Memory	64	static
main.c:1336:6:WritePressures_Memory	24	static
main.c:1369:10:External_Find_Last_Entry	16	static
main.c:1392:6:ReadDeviceNum_IntFlash	8	static
main.c:1413:6:WriteDeviceNum_IntFlash	16	static
main.c:1545:10:ReadLP_IntFlash	8	static
main.c:1565:10:ReadUP_IntFlash	8	static
main.c:1585:10:ReadTP_IntFlash	8	static
main.c:1605:9:ReadSP_IntFlash	8	static
main.c:1625:9:ReadNS_IntFlash	8	static
main.c:1645:9:ReadMode_IntFlash	8	static
main.c:1665:6:WriteLP_IntFlash	16	static
main.c:1694:6:WriteUP_IntFlash	16	static
main.c:1723:6:WriteTP_IntFlash	16	static
main.c:1752:6:WriteSP_IntFlash	8	static
main.c:1778:6:WriteNS_IntFlash	8	static
main.c:1804:6:WriteMode_IntFlash	8	static
main.c:1830:6:ReadMultipliers_IntFlash	16	static
main.c:1867:6:WriteMultipliers_IntFlash	72	static
main.c:1131:6:Initialize_AirBags	56	static
main.c:1965:6:DeInitialize	16	static
main.c:142:6:init	32	static
main.c:83:5:main	8	static
main.c:1989:6:ReInitialize	16	static
main.c:2016:6:SPI_Memory_Test	24	static
main.c:2077:6:SPI_ADC_Test	8	static
main.c:2105:6:BLE_DataDownloader_Test	32	static
