sensor.c:47:9:Sensor_DeviceInit	80	static
sensor.c:109:6:Set_DeviceConnectable	64	static
sensor.c:142:6:APP_Tick	248	static
sensor.c:203:6:hci_le_connection_complete_event	16	static
sensor.c:235:6:hci_disconnection_complete_event	8	static
sensor.c:270:6:aci_gatt_read_permit_req_event	8	static
sensor.c:286:6:HAL_VTimerTimeoutCallback	64	static
sensor.c:520:6:aci_gatt_attribute_modified_event	8	static
sensor.c:534:6:aci_hal_end_of_radio_activity_event	0	static
sensor.c:548:6:aci_att_exchange_mtu_resp_event	8	static
