SensorDemo_main.c:183:12:App_SleepMode_Check	0	static
SensorDemo_main.c:263:6:Batt_ADC_Configuration	8	static
SensorDemo_main.c:288:10:ADC_Raw_Value	24	static
SensorDemo_main.c:379:6:GPIO_On	8	static
SensorDemo_main.c:390:6:GPIO_Off	8	static
SensorDemo_main.c:332:6:InitGPIO	16	static
SensorDemo_main.c:355:6:InitGPIOInput	16	static
SensorDemo_main.c:401:6:GPIO_Toggle	8	static
SensorDemo_main.c:413:6:Valve_Open	8	static
SensorDemo_main.c:426:6:SPI_Master_Configuration	40	static
SensorDemo_main.c:551:6:SPI_SendByte	8	static
SensorDemo_main.c:486:6:SPI_Write	16	static
SensorDemo_main.c:507:10:SPI_Read	8	static
SensorDemo_main.c:536:6:SPI_WriteEnable	8	static
SensorDemo_main.c:566:6:I2C_ConfigurationMaster	40	static
SensorDemo_main.c:197:6:init	24	static
SensorDemo_main.c:828:6:I2C_Send_Byte	8	static
SensorDemo_main.c:607:10:I2C_ReadADC	32	static
SensorDemo_main.c:833:6:Read_ADC	16	static
SensorDemo_main.c:124:5:main	8	static
SensorDemo_main.c:867:6:Open_Valve	8	static
SensorDemo_main.c:893:6:Close_Valve	8	static
